Component: ARM Compiler 5.05 (build 41) Tool: armlink [4d0eb9]

==============================================================================

Section Cross References

    main.o(.text) refers to fflt_clz.o(x$fpl$ffltu) for __aeabi_ui2f
    main.o(.text) refers to fdiv.o(x$fpl$fdiv) for __aeabi_fdiv
    main.o(.text) refers to f2d.o(x$fpl$f2d) for __aeabi_f2d
    main.o(.text) refers to dmul.o(x$fpl$dmul) for __aeabi_dmul
    main.o(.text) refers to d2f.o(x$fpl$d2f) for __aeabi_d2f
    main.o(.text) refers to ntc.o(.text) for Get_PT100_tmp
    main.o(.text) refers to stm32f10x_rcc.o(.text) for RCC_APB2PeriphClockCmd
    main.o(.text) refers to stm32f10x_gpio.o(.text) for GPIO_PinRemapConfig
    main.o(.text) refers to stmflash.o(.text) for STMFLASH_Write
    main.o(.text) refers to dw.o(.text) for ShowTempSetPageFireHigh
    main.o(.text) refers to adc.o(.bss) for AD_Value
    main.o(.text) refers to main.o(.data) for val
    main.o(.text) refers to main.o(.bss) for TmpNow
    main.o(.text) refers to strstr.o(.text) for strstr
    main.o(.text) refers to wifi.o(.text) for WifiSendRealTimeData
    main.o(.text) refers to logic.o(.text) for OpenSetFa
    main.o(.text) refers to rt_memclr_w.o(.text) for __aeabi_memclr4
    main.o(.text) refers to usart1.o(.text) for UART3_SendString
    main.o(.text) refers to system_stm32f10x.o(.text) for SystemInit
    main.o(.text) refers to delay.o(.text) for delay_init
    main.o(.text) refers to adc.o(.text) for ADC1_Init
    main.o(.text) refers to usart1.o(.bss) for UartDataRev
    main.o(.text) refers to touchscreen.o(.text) for usart2_rev
    main.o(.text) refers to timer.o(.text) for TIM3_Int_Init
    main.o(.text) refers to ffixu.o(x$fpl$ffixu) for __aeabi_f2uiz
    main.o(.text) refers to logic.o(.data) for BEEPFLAG
    main.o(.text) refers to timer.o(.data) for LcdOpenTouchtimer
    main.o(.text) refers to touchscreen.o(.data) for GetNowTimeFlag
    delay.o(.text) refers to misc.o(.text) for SysTick_CLKSourceConfig
    delay.o(.text) refers to delay.o(.data) for fac_us
    system_stm32f10x.o(.text) refers to system_stm32f10x.o(.data) for SystemCoreClock
    adc.o(.text) refers to stm32f10x_rcc.o(.text) for RCC_APB2PeriphClockCmd
    adc.o(.text) refers to stm32f10x_gpio.o(.text) for GPIO_Init
    adc.o(.text) refers to stm32f10x_adc.o(.text) for ADC_Init
    adc.o(.text) refers to stm32f10x_dma.o(.text) for DMA_DeInit
    adc.o(.text) refers to adc.o(.bss) for AD_Value
    ntc.o(.text) refers to frleqf.o(x$fpl$frleqf) for __aeabi_cfrcmple
    ntc.o(.text) refers to fleqf.o(x$fpl$fleqf) for __aeabi_cfcmple
    ntc.o(.text) refers to fflt_clz.o(x$fpl$fflt) for __aeabi_i2f
    ntc.o(.text) refers to faddsub_clz.o(x$fpl$fsub) for __aeabi_fsub
    ntc.o(.text) refers to faddsub_clz.o(x$fpl$frsb) for __aeabi_frsub
    ntc.o(.text) refers to fmul.o(x$fpl$fmul) for __aeabi_fmul
    ntc.o(.text) refers to fdiv.o(x$fpl$fdiv) for __aeabi_fdiv
    ntc.o(.text) refers to faddsub_clz.o(x$fpl$fadd) for __aeabi_fadd
    ntc.o(.text) refers to ntc.o(.data) for NTC_AD
    logic.o(.text) refers to stm32f10x_gpio.o(.text) for GPIO_SetBits
    logic.o(.text) refers to dw.o(.text) for SetWaterStatus
    logic.o(.text) refers to main.o(.data) for FaFunctionSta
    logic.o(.text) refers to logic.o(.data) for closewaterpumptimerflg
    logic.o(.text) refers to touchscreen.o(.data) for OutsideFlg
    wifi.o(.text) refers to usart1.o(.text) for UART1_SendString
    wifi.o(.text) refers to wifi.o(.bss) for RegisterSend
    wifi.o(.text) refers to main.o(.data) for ID
    wifi.o(.text) refers to wifi.o(.data) for ClientSend
    wifi.o(.text) refers to logic.o(.data) for FaSta
    wifi.o(.text) refers to usart1.o(.bss) for UartDataRev
    dw.o(.text) refers to usart1.o(.text) for UART2_SendString
    dw.o(.text) refers to dw.o(.constdata) for MsgCloseTouch
    dw.o(.text) refers to main.o(.data) for FaFunctionSta
    dw.o(.text) refers to dw.o(.data) for MsgSetData
    dw.o(.text) refers to delay.o(.text) for delay_ms
    dw.o(.text) refers to touchscreen.o(.data) for NowTimer
    key.o(.text) refers to stm32f10x_rcc.o(.text) for RCC_APB2PeriphClockCmd
    key.o(.text) refers to stm32f10x_gpio.o(.text) for GPIO_Init
    key.o(.text) refers to dw.o(.text) for RunStatues
    key.o(.text) refers to main.o(.text) for SaveConfig
    key.o(.text) refers to logic.o(.text) for OpenBEEP
    key.o(.text) refers to main.o(.data) for PowerFlag
    key.o(.text) refers to key.o(.data) for KeyLast
    timer.o(.text) refers to stm32f10x_rcc.o(.text) for RCC_APB1PeriphClockCmd
    timer.o(.text) refers to stm32f10x_tim.o(.text) for TIM_TimeBaseInit
    timer.o(.text) refers to misc.o(.text) for NVIC_Init
    timer.o(.text) refers to logic.o(.text) for CloseBEEP
    timer.o(.text) refers to main.o(.text) for SaveConfig
    timer.o(.text) refers to logic.o(.data) for BEEPFLAG
    timer.o(.text) refers to timer.o(.data) for LcdOpenTouchtimer
    timer.o(.text) refers to main.o(.data) for WifiSendFlag
[...]
    .text                                    0x08002f38   Section        0  touchscreen.o(.text)
    .text                                    0x080035b0   Section       64  startup_stm32f10x_md.o(.text)
    .text                                    0x080035f0   Section        0  misc.o(.text)
    .text                                    0x080036cc   Section        0  stm32f10x_gpio.o(.text)
    .text                                    0x08003a28   Section        0  stm32f10x_rcc.o(.text)
    .text                                    0x08003dcc   Section        0  stm32f10x_usart.o(.text)
    .text                                    0x080041d4   Section        0  stm32f10x_adc.o(.text)
    .text                                    0x08004624   Section        0  stm32f10x_dma.o(.text)
    .text                                    0x08004878   Section        0  stm32f10x_flash.o(.text)
    .text                                    0x08004e34   Section        0  stm32f10x_tim.o(.text)
    TI4_Config                               0x080052db   Thumb Code   130  stm32f10x_tim.o(.text)
    TI3_Config                               0x0800536f   Thumb Code   122  stm32f10x_tim.o(.text)
    TI2_Config                               0x08005403   Thumb Code   130  stm32f10x_tim.o(.text)
    TI1_Config                               0x08005497   Thumb Code   108  stm32f10x_tim.o(.text)
    .text                                    0x08005c4e   Section        0  strstr.o(.text)
    .text                                    0x08005c72   Section      138  rt_memcpy_v6.o(.text)
    .text                                    0x08005cfc   Section       68  rt_memclr.o(.text)
    .text                                    0x08005d40   Section       78  rt_memclr_w.o(.text)
    .text                                    0x08005d8e   Section        0  heapauxi.o(.text)
    .text                                    0x08005d94   Section      100  rt_memcpy_w.o(.text)
    .text                                    0x08005df8   Section       74  sys_stackheap_outer.o(.text)
    .text                                    0x08005e42   Section        0  exit.o(.text)
    .text                                    0x08005e50   Section        8  libspace.o(.text)
    .text                                    0x08005e58   Section        0  sys_exit.o(.text)
    .text                                    0x08005e64   Section        2  use_no_semi.o(.text)
    .text                                    0x08005e66   Section        0  indicate_semi.o(.text)
    x$fpl$d2f                                0x08005e68   Section       98  d2f.o(x$fpl$d2f)
    x$fpl$dmul                               0x08005ecc   Section      340  dmul.o(x$fpl$dmul)
    x$fpl$dnaninf                            0x08006020   Section      156  dnaninf.o(x$fpl$dnaninf)
    x$fpl$dretinf                            0x080060bc   Section       12  dretinf.o(x$fpl$dretinf)
    x$fpl$f2d                                0x080060c8   Section       86  f2d.o(x$fpl$f2d)
    x$fpl$fadd                               0x08006120   Section      196  faddsub_clz.o(x$fpl$fadd)
    _fadd1                                   0x0800612f   Thumb Code     0  faddsub_clz.o(x$fpl$fadd)
    x$fpl$fcmpinf                            0x080061e4   Section       24  fcmpi.o(x$fpl$fcmpinf)
    x$fpl$fdiv                               0x080061fc   Section      388  fdiv.o(x$fpl$fdiv)
    _fdiv1                                   0x080061fd   Thumb Code     0  fdiv.o(x$fpl$fdiv)
    x$fpl$ffixu                              0x08006380   Section       62  ffixu.o(x$fpl$ffixu)
    x$fpl$fflt                               0x080063c0   Section       48  fflt_clz.o(x$fpl$fflt)
    x$fpl$ffltu                              0x080063f0   Section       38  fflt_clz.o(x$fpl$ffltu)
    x$fpl$fleqf                              0x08006418   Section      104  fleqf.o(x$fpl$fleqf)
    x$fpl$fmul                               0x08006480   Section      258  fmul.o(x$fpl$fmul)
    x$fpl$fnaninf                            0x08006582   Section      140  fnaninf.o(x$fpl$fnaninf)
    x$fpl$fretinf                            0x0800660e   Section       10  fretinf.o(x$fpl$fretinf)
    x$fpl$frleqf                             0x08006618   Section       98  frleqf.o(x$fpl$frleqf)
    x$fpl$frsb                               0x0800667a   Section       20  faddsub_clz.o(x$fpl$frsb)
    x$fpl$fsub                               0x08006690   Section      234  faddsub_clz.o(x$fpl$fsub)
    _fsub1                                   0x0800669f   Thumb Code     0  faddsub_clz.o(x$fpl$fsub)
    .constdata                               0x0800677a   Section      225  dw.o(.constdata)
    x$fpl$usenofp                            0x0800677a   Section        0  usenofp.o(x$fpl$usenofp)
    .data                                    0x20000000   Section       90  main.o(.data)
    .data                                    0x2000005a   Section        4  delay.o(.data)
    fac_us                                   0x2000005a   Data           1  delay.o(.data)
    fac_ms                                   0x2000005c   Data           2  delay.o(.data)
    .data                                    0x20000060   Section       20  system_stm32f10x.o(.data)
    .data                                    0x20000074   Section      156  ntc.o(.data)
    .data                                    0x20000110   Section       42  logic.o(.data)
    .data                                    0x2000013a   Section        7  wifi.o(.data)
    .data                                    0x20000141   Section       23  dw.o(.data)
    .data                                    0x20000158   Section       20  timer.o(.data)
    .data                                    0x2000016c   Section       23  touchscreen.o(.data)
    .data                                    0x20000183   Section       20  stm32f10x_rcc.o(.data)
    APBAHBPrescTable                         0x20000183   Data          16  stm32f10x_rcc.o(.data)
    ADCPrescTable                            0x20000193   Data           4  stm32f10x_rcc.o(.data)
    .bss                                     0x20000198   Section      100  main.o(.bss)
    .bss                                     0x200001fc   Section     1600  adc.o(.bss)
    .bss                                     0x2000083c   Section       32  wifi.o(.bss)
    .bss                                     0x2000085c   Section     1024  stmflash.o(.bss)
    .bss                                     0x20000c5c   Section     3108  usart1.o(.bss)
    .bss                                     0x20001880   Section       20  touchscreen.o(.bss)
    .bss                                     0x20001894   Section       96  libspace.o(.bss)
    HEAP                                     0x200018f8   Section      512  startup_stm32f10x_md.o(HEAP)
    Heap_Mem                                 0x200018f8   Data         512  startup_stm32f10x_md.o(HEAP)
    STACK                                    0x20001af8   Section     1024  startup_stm32f10x_md.o(STACK)
    Stack_Mem                                0x20001af8   Data        1024  startup_stm32f10x_md.o(STACK)
    __initial_sp                             0x20001ef8   Data           0  startup_stm32f10x_md.o(STACK)

    Global Symbols

    Symbol Name                              Value     Ov Type        Size  Object(Section)

    BuildAttributes$$THM_ISAv4$P$D$K$B$S$PE$A:L22UL41UL21$X:L11$S22US41US21$IEEE1$IW$USESV6$~STKCKD$USESV7$~SHL$OSPACE$ROPI$EBA8$UX$STANDARDLIB$REQ8$PRES8$EABIv2 0x00000000   Number         0  anon$$obj.o ABSOLUTE
    __ARM_use_no_argv                        0x00000000   Number         0  main.o ABSOLUTE
    __ARM_exceptions_init                     - Undefined Weak Reference
    __alloca_initialize                       - Undefined Weak Reference
    __arm_preinit_                            - Undefined Weak Reference
    __cpp_initialize__aeabi_                  - Undefined Weak Reference
    __cxa_finalize                            - Undefined Weak Reference
    __rt_locale                               - Undefined Weak Reference
    __sigvec_lookup                           - Undefined Weak Reference
    _atexit_init                              - Undefined Weak Reference
    _call_atexit_fns                          - Undefined Weak Reference
    _clock_init                               - Undefined Weak Reference
    _fp_trap_init                             - Undefined Weak Reference
    _fp_trap_shutdown                         - Undefined Weak Reference
    _get_lc_collate                           - Undefined Weak Reference
    _get_lc_ctype                             - Undefined Weak Reference
    _get_lc_monetary                          - Undefined Weak Reference
    _get_lc_numeric                           - Undefined Weak Reference
    _get_lc_time                              - Undefined Weak Reference
    _getenv_init                              - Undefined Weak Reference
    _handle_redirection                       - Undefined Weak Reference
    _init_alloc                               - Undefined Weak Reference
    _init_user_alloc                          - Undefined Weak Reference
    _initio                                   - Undefined Weak Reference
    _rand_init                                - Undefined Weak Reference
    _signal_finish                            - Undefined Weak Reference
    _signal_init                              - Undefined Weak Reference
    _terminate_alloc                          - Undefined Weak Reference
    _terminate_user_alloc                     - Undefined Weak Reference
    _terminateio                              - Undefined Weak Reference
    __Vectors_Size                           0x000000ec   Number         0  startup_stm32f10x_md.o ABSOLUTE
    __Vectors                                0x08000000   Data           4  startup_stm32f10x_md.o(RESET)
    __Vectors_End                            0x080000ec   Data           0  startup_stm32f10x_md.o(RESET)
    __main                                   0x080000ed   Thumb Code     8  __main.o(!!!main)
    __scatterload                            0x080000f5   Thumb Code     0  __scatter.o(!!!scatter)
    __scatterload_rt2                        0x080000f5   Thumb Code    44  __scatter.o(!!!scatter)
    __scatterload_rt2_thumb_only             0x080000f5   Thumb Code     0  __scatter.o(!!!scatter)
    __scatterload_null                       0x08000103   Thumb Code     0  __scatter.o(!!!scatter)
    __decompress                             0x08000129   Thumb Code    90  __dczerorl2.o(!!dczerorl2)
    __decompress1                            0x08000129   Thumb Code     0  __dczerorl2.o(!!dczerorl2)
    __scatterload_zeroinit                   0x08000185   Thumb Code    28  __scatter_zi.o(!!handler_zi)
    __rt_lib_init                            0x080001a1   Thumb Code     0  libinit.o(.ARM.Collect$$libinit$$00000000)
    __rt_lib_init_alloca_1                   0x080001a3   Thumb Code     0  libinit2.o(.ARM.Collect$$libinit$$0000002E)
    __rt_lib_init_argv_1                     0x080001a3   Thumb Code     0  libinit2.o(.ARM.Collect$$libinit$$0000002C)
    __rt_lib_init_atexit_1                   0x080001a3   Thumb Code     0  libinit2.o(.ARM.Collect$$libinit$$0000001B)
    __rt_lib_init_clock_1                    0x080001a3   Thumb Code     0  libinit2.o(.ARM.Collect$$libinit$$00000021)
    __rt_lib_init_cpp_1                      0x080001a3   Thumb Code     0  libinit2.o(.ARM.Collect$$libinit$$00000032)
    __rt_lib_init_exceptions_1               0x080001a3   Thumb Code     0  libinit2.o(.ARM.Collect$$libinit$$00000030)
    __rt_lib_init_fp_1                       0x080001a3   Thumb Code     0  libinit2.o(.ARM.Collect$$libinit$$00000002)
    __rt_lib_init_fp_trap_1                  0x080001a3   Thumb Code     0  libinit2.o(.ARM.Collect$$libinit$$0000001F)
    __rt_lib_init_getenv_1                   0x080001a3   Thumb Code     0  libinit2.o(.ARM.Collect$$libinit$$00000023)
    __rt_lib_init_heap_1                     0x080001a3   Thumb Code     0  libinit2.o(.ARM.Collect$$libinit$$0000000A)
    __rt_lib_init_lc_collate_1               0x080001a3   Thumb Code     0  libinit2.o(.ARM.Collect$$libinit$$00000011)
    __rt_lib_init_lc_ctype_1                 0x080001a3   Thumb Code     0  libinit2.o(.ARM.Collect$$libinit$$00000013)
    __rt_lib_init_lc_monetary_1              0x080001a3   Thumb Code     0  libinit2.o(.ARM.Collect$$libinit$$00000015)
    __rt_lib_init_lc_numeric_1               0x080001a3   Thumb Code     0  libinit2.o(.ARM.Collect$$libinit$$00000017)
    __rt_lib_init_lc_time_1                  0x080001a3   Thumb Code     0  libinit2.o(.ARM.Collect$$libinit$$00000019)
    __rt_lib_init_preinit_1                  0x080001a3   Thumb Code     0  libinit2.o(.ARM.Collect$$libinit$$00000004)
    __rt_lib_init_rand_1                     0x080001a3   Thumb Code     0  libinit2.o(.ARM.Collect$$libinit$$0000000E)
    __rt_lib_init_return                     0x080001a3   Thumb Code     0  libinit2.o(.ARM.Collect$$libinit$$00000033)
    __rt_lib_init_signal_1                   0x080001a3   Thumb Code     0  libinit2.o(.ARM.Collect$$libinit$$0000001D)
    __rt_lib_init_stdio_1                    0x080001a3   Thumb Code     0  libinit2.o(.ARM.Collect$$libinit$$00000025)
    __rt_lib_init_user_alloc_1               0x080001a3   Thumb Code     0  libinit2.o(.ARM.Collect$$libinit$$0000000C)
    __rt_lib_shutdown                        0x080001a5   Thumb Code     0  libshutdown.o(.ARM.Collect$$libshutdown$$00000000)
    __rt_lib_shutdown_fp_trap_1              0x080001a7   Thumb Code     0  libshutdown2.o(.ARM.Collect$$libshutdown$$00000006)
    __rt_lib_shutdown_heap_1                 0x080001a7   Thumb Code     0  libshutdown2.o(.ARM.Collect$$libshutdown$$0000000E)
    __rt_lib_shutdown_return                 0x080001a7   Thumb Code     0  libshutdown2.o(.ARM.Collect$$libshutdown$$0000000F)
    __rt_lib_shutdown_signal_1               0x080001a7   Thumb Code     0  libshutdown2.o(.ARM.Collect$$libshutdown$$00000009)
    __rt_lib_shutdown_stdio_1                0x080001a7   Thumb Code     0  libshutdown2.o(.ARM.Collect$$libshutdown$$00000003)
    __rt_lib_shutdown_user_alloc_1           0x080001a7   Thumb Code     0  libshutdown2.o(.ARM.Collect$$libshutdown$$0000000B)
    __rt_entry                               0x080001a9   Thumb Code     0  __rtentry.o(.ARM.Collect$$rtentry$$00000000)
    __rt_entry_presh_1                       0x080001a9   Thumb Code     0  __rtentry2.o(.ARM.Collect$$rtentry$$00000002)
    __rt_entry_sh                            0x080001a9   Thumb Code     0  __rtentry4.o(.ARM.Collect$$rtentry$$00000004)
    __rt_entry_li                            0x080001af   Thumb Code     0  __rtentry2.o(.ARM.Collect$$rtentry$$0000000A)
    __rt_entry_postsh_1                      0x080001af   Thumb Code     0  __rtentry2.o(.ARM.Collect$$rtentry$$00000009)
    __rt_entry_main                          0x080001b3   Thumb Code     0  __rtentry2.o(.ARM.Collect$$rtentry$$0000000D)
    __rt_entry_postli_1                      0x080001b3   Thumb Code     0  __rtentry2.o(.ARM.Collect$$rtentry$$0000000C)
    __rt_exit                                0x080001bb   Thumb Code     0  rtexit.o(.ARM.Collect$$rtexit$$00000000)
    __rt_exit_ls                             0x080001bd   Thumb Code     0  rtexit2.o(.ARM.Collect$$rtexit$$00000003)
    __rt_exit_prels_1                        0x080001bd   Thumb Code     0  rtexit2.o(.ARM.Collect$$rtexit$$00000002)
    __rt_exit_exit                           0x080001c1   Thumb Code     0  rtexit2.o(.ARM.Collect$$rtexit$$00000004)
    heapsort                                 0x080001c9   Thumb Code   106  main.o(.text)
    GetTmpVal                                0x08000233   Thumb Code   242  main.o(.text)
    OutGpioInit                              0x08000325   Thumb Code   134  main.o(.text)
    InGpioInit                               0x080003ab   Thumb Code    46  main.o(.text)
    SaveConfig                               0x080003d9   Thumb Code   170  main.o(.text)
    ReadConfig                               0x08000483   Thumb Code   344  main.o(.text)
    ShowTempSet                              0x080005db   Thumb Code   184  main.o(.text)
    ShowTimeSet                              0x08000693   Thumb Code   234  main.o(.text)
    ShowWring                                0x0800077d   Thumb Code   132  main.o(.text)
    usart1_rev                               0x08000835   Thumb Code   322  main.o(.text)
    usart3_rev                               0x080009bb   Thumb Code   126  main.o(.text)
    main                                     0x08000a39   Thumb Code   630  main.o(.text)
    KeyScreen                                0x08000caf   Thumb Code     2  main.o(.text)
    delay_init                               0x08000d29   Thumb Code    52  delay.o(.text)
    delay_ms                                 0x08000d5d   Thumb Code    56  delay.o(.text)
    delay_us                                 0x08000d95   Thumb Code    56  delay.o(.text)
    SystemInit                               0x08000eb3   Thumb Code    78  system_stm32f10x.o(.text)
    SystemCoreClockUpdate                    0x08000f01   Thumb Code   142  system_stm32f10x.o(.text)
    DMA_Configuration                        0x08001071   Thumb Code    78  adc.o(.text)
    ADC1_Init                                0x080010bf   Thumb Code    32  adc.o(.text)
    Get_PT100_tmp                            0x080010f1   Thumb Code   208  ntc.o(.text)
    OpenSolenoid                             0x080011d1   Thumb Code     2  logic.o(.text)
    CloseSolenoid                            0x080011d3   Thumb Code     2  logic.o(.text)
    CheckFaFunctionNum                       0x080011d5   Thumb Code    30  logic.o(.text)
    HandOpenFa                               0x080011f3   Thumb Code   100  logic.o(.text)
    HandCloseFa                              0x08001257   Thumb Code    60  logic.o(.text)
    HandOpenFireBurner                       0x08001293   Thumb Code    60  logic.o(.text)
    HandCloseFireBurner                      0x080012cf   Thumb Code    60  logic.o(.text)
    OpenWatePump                             0x0800130b   Thumb Code    36  logic.o(.text)
    CloseWatePump                            0x0800132f   Thumb Code    26  logic.o(.text)
    starthot                                 0x08001349   Thumb Code   188  logic.o(.text)
    OpenFireBurner                           0x08001405   Thumb Code    18  logic.o(.text)
    CloseFireBurner                          0x08001417   Thumb Code    16  logic.o(.text)
    OpenBEEP                                 0x08001427   Thumb Code     8  logic.o(.text)
    CloseBEEP                                0x0800142f   Thumb Code     2  logic.o(.text)
    GetWaterErr                              0x08001431   Thumb Code     2  logic.o(.text)
    GetBurnerErr                             0x08001433   Thumb Code     2  logic.o(.text)
    GetWarmAbnormal                          0x08001435   Thumb Code    30  logic.o(.text)
    GetTempDValue                            0x08001453   Thumb Code    28  logic.o(.text)
    GetTempErr                               0x0800146f   Thumb Code    30  logic.o(.text)
    GetSensorErr                             0x0800148d   Thumb Code    46  logic.o(.text)
    ChackAutoFa                              0x080014bb   Thumb Code    32  logic.o(.text)
    OpenSetFa                                0x080014db   Thumb Code   542  logic.o(.text)
    OpenFa                                   0x080016f9   Thumb Code   116  logic.o(.text)
    MainRun                                  0x0800176d   Thumb Code  2006  logic.o(.text)
    WifiSendRegister                         0x08001f61   Thumb Code   116  wifi.o(.text)
    WifiClientDeal                           0x08001fd5   Thumb Code    64  wifi.o(.text)
    WifiSendRealTimeData                     0x08002015   Thumb Code   106  wifi.o(.text)
    WifiReStart                              0x0800207f   Thumb Code    32  wifi.o(.text)
    CloseTouch                               0x080020dd   Thumb Code    12  dw.o(.text)
    OpenTouch                                0x080020e9   Thumb Code    12  dw.o(.text)
    CloseLcd                                 0x080020f5   Thumb Code    12  dw.o(.text)
    OpenLcd                                  0x08002101   Thumb Code    12  dw.o(.text)
    ShowMainPage                             0x0800210d   Thumb Code    12  dw.o(.text)
    ShowTempSetPageFireHigh                  0x08002119   Thumb Code    12  dw.o(.text)
    ShowTempSetPageFireLow                   0x08002125   Thumb Code    12  dw.o(.text)
    ShowTempSetPageWaterHigh                 0x08002131   Thumb Code    12  dw.o(.text)
    ShowTempSetPageWaterLow                  0x0800213d   Thumb Code    12  dw.o(.text)
    ShowTimeSetPageOneH                      0x08002149   Thumb Code    12  dw.o(.text)
    ShowTimeSetPageTwoH                      0x08002155   Thumb Code    12  dw.o(.text)
    ShowTimeSetPageThrH                      0x08002161   Thumb Code    12  dw.o(.text)
    ShowTimeSetPageForH                      0x0800216d   Thumb Code    12  dw.o(.text)
    ShowTimeSetPageOneL                      0x08002179   Thumb Code    12  dw.o(.text)
    ShowTimeSetPageTwoL                      0x08002185   Thumb Code    12  dw.o(.text)
    ShowTimeSetPageThrL                      0x08002191   Thumb Code    12  dw.o(.text)
    ShowTimeSetPageForL                      0x0800219d   Thumb Code    12  dw.o(.text)
    ShowHandSetPage                          0x080021a9   Thumb Code    12  dw.o(.text)
    SetFaFunctionTemp                        0x080021b5   Thumb Code    84  dw.o(.text)
    SetFaStaTemp                             0x08002209   Thumb Code   182  dw.o(.text)
    SetHandFireBurnerTemp                    0x080022bf   Thumb Code   182  dw.o(.text)
    SetPowerTemp                             0x08002375   Thumb Code   420  dw.o(.text)
    SetBackWaterTemp                         0x08002519   Thumb Code    24  dw.o(.text)
    SetOutWaterTemp                          0x08002531   Thumb Code    24  dw.o(.text)
    SetSetTemp                               0x08002549   Thumb Code    28  dw.o(.text)
    SetSetTime                               0x08002565   Thumb Code    34  dw.o(.text)
    SetMainStatus                            0x08002587   Thumb Code    24  dw.o(.text)
    SetHandStatus                            0x0800259f   Thumb Code     2  dw.o(.text)
    SetWIFIStatus                            0x080025a1   Thumb Code    24  dw.o(.text)
    SetWaterStatus                           0x080025b9   Thumb Code     2  dw.o(.text)
    SetFireRun                               0x080025bb   Thumb Code    24  dw.o(.text)
    SetContralRun                            0x080025d3   Thumb Code    24  dw.o(.text)
    SetWaterRun                              0x080025eb   Thumb Code    24  dw.o(.text)
    SetTimeHour                              0x08002603   Thumb Code    24  dw.o(.text)
    SetTimeMin                               0x0800261b   Thumb Code    24  dw.o(.text)
    ShowWringPageSE                          0x08002633   Thumb Code    12  dw.o(.text)
    ShowWringPageWA                          0x0800263f   Thumb Code    12  dw.o(.text)
    ShowWringPageTDV                         0x0800264b   Thumb Code    12  dw.o(.text)
    ShowMHconfigPage                         0x08002657   Thumb Code    12  dw.o(.text)
    ShowSRconfigPage                         0x08002663   Thumb Code    12  dw.o(.text)
    ShowconfigPage                           0x0800266f   Thumb Code    12  dw.o(.text)
    ShowWringPageTE                          0x0800267b   Thumb Code    12  dw.o(.text)
    LcdReadTime                              0x08002687   Thumb Code    12  dw.o(.text)
    LcdWriteTime                             0x08002693   Thumb Code    28  dw.o(.text)
    LcdReadStartTime                         0x080026af   Thumb Code    12  dw.o(.text)
    LcdReadEndTime                           0x080026bb   Thumb Code    12  dw.o(.text)
    LcdReadTimeSetTemp                       0x080026c7   Thumb Code    12  dw.o(.text)
    RunStatues                               0x080026d3   Thumb Code    24  dw.o(.text)
    FireStatues                              0x080026eb   Thumb Code    24  dw.o(.text)
    SetStartTime                             0x08002703   Thumb Code    24  dw.o(.text)
    SetTempTime                              0x0800271b   Thumb Code    24  dw.o(.text)
    SetEndTime                               0x08002733   Thumb Code    24  dw.o(.text)
    LcdReadMainSetTemp                       0x0800274b   Thumb Code    12  dw.o(.text)
    SetMainTemp                              0x08002757   Thumb Code    24  dw.o(.text)
    LcdOpenBEEP                              0x0800276f   Thumb Code    12  dw.o(.text)
    TIM3_Int_Init                            0x080027d1   Thumb Code    90  timer.o(.text)
    TIM3_IRQHandler                          0x0800282b   Thumb Code   538  timer.o(.text)
    STMFLASH_ReadHalfWord                    0x08002a91   Thumb Code     6  stmflash.o(.text)
    STMFLASH_Write_NoCheck                   0x08002a97   Thumb Code    38  stmflash.o(.text)
    STMFLASH_Read                            0x08002abd   Thumb Code    34  stmflash.o(.text)
    STMFLASH_Write                           0x08002adf   Thumb Code   224  stmflash.o(.text)
    Test_Write                               0x08002bbf   Thumb Code    16  stmflash.o(.text)
    USART1_Config                            0x08002bd9   Thumb Code   156  usart1.o(.text)
    USART1_IRQHandler                        0x08002c75   Thumb Code    74  usart1.o(.text)
    UART1_SendString                         0x08002cbf   Thumb Code    42  usart1.o(.text)
    USART2_Config                            0x08002ce9   Thumb Code   158  usart1.o(.text)
    USART2_IRQHandler                        0x08002d87   Thumb Code    78  usart1.o(.text)
    UART2_SendString                         0x08002dd5   Thumb Code    42  usart1.o(.text)
    USART3_Config                            0x08002dff   Thumb Code   162  usart1.o(.text)
    USART3_IRQHandler                        0x08002ea1   Thumb Code    78  usart1.o(.text)
    UART3_SendString                         0x08002eef   Thumb Code    42  usart1.o(.text)
    Is_Leap_Year                             0x08002f39   Thumb Code    58  touchscreen.o(.text)
    usart2_rev                               0x08002f73   Thumb Code  1556  touchscreen.o(.text)
    Reset_Handler                            0x080035b1   Thumb Code     8  startup_stm32f10x_md.o(.text)
    NMI_Handler                              0x080035b9   Thumb Code     2  startup_stm32f10x_md.o(.text)
    HardFault_Handler                        0x080035bb   Thumb Code     2  startup_stm32f10x_md.o(.text)
    MemManage_Handler                        0x080035bd   Thumb Code     2  startup_stm32f10x_md.o(.text)
    BusFault_Handler                         0x080035bf   Thumb Code     2  startup_stm32f10x_md.o(.text)
    UsageFault_Handler                       0x080035c1   Thumb Code     2  startup_stm32f10x_md.o(.text)
    SVC_Handler                              0x080035c3   Thumb Code     2  startup_stm32f10x_md.o(.text)
    DebugMon_Handler                         0x080035c5   Thumb Code     2  startup_stm32f10x_md.o(.text)
    PendSV_Handler                           0x080035c7   Thumb Code     2  startup_stm32f10x_md.o(.text)
    SysTick_Handler                          0x080035c9   Thumb Code     2  startup_stm32f10x_md.o(.text)
    ADC1_2_IRQHandler                        0x080035cb   Thumb Code     0  startup_stm32f10x_md.o(.text)
    CAN1_RX1_IRQHandler                      0x080035cb   Thumb Code     0  startup_stm32f10x_md.o(.text)
    CAN1_SCE_IRQHandler                      0x080035cb   Thumb Code     0  startup_stm32f10x_md.o(.text)
    DMA1_Channel1_IRQHandler                 0x080035cb   Thumb Code     0  startup_stm32f10x_md.o(.text)
    DMA1_Channel2_IRQHandler                 0x080035cb   Thumb Code     0  startup_stm32f10x_md.o(.text)
    DMA1_Channel3_IRQHandler                 0x080035cb   Thumb Code     0  startup_stm32f10x_md.o(.text)
    DMA1_Channel4_IRQHandler                 0x080035cb   Thumb Code     0  startup_stm32f10x_md.o(.text)
    DMA1_Channel5_IRQHandler                 0x080035cb   Thumb Code     0  startup_stm32f10x_md.o(.text)
    DMA1_Channel6_IRQHandler                 0x080035cb   Thumb Code     0  startup_stm32f10x_md.o(.text)
    DMA1_Channel7_IRQHandler                 0x080035cb   Thumb Code     0  startup_stm32f10x_md.o(.text)
    EXTI0_IRQHandler                         0x080035cb   Thumb Code     0  startup_stm32f10x_md.o(.text)
    EXTI15_10_IRQHandler                     0x080035cb   Thumb Code     0  startup_stm32f10x_md.o(.text)
    EXTI1_IRQHandler                         0x080035cb   Thumb Code     0  startup_stm32f10x_md.o(.text)
    EXTI2_IRQHandler                         0x080035cb   Thumb Code     0  startup_stm32f10x_md.o(.text)
    EXTI3_IRQHandler                         0x080035cb   Thumb Code     0  startup_stm32f10x_md.o(.text)
    EXTI4_IRQHandler                         0x080035cb   Thumb Code     0  startup_stm32f10x_md.o(.text)
    EXTI9_5_IRQHandler                       0x080035cb   Thumb Code     0  startup_stm32f10x_md.o(.text)
    FLASH_IRQHandler                         0x080035cb   Thumb Code     0  startup_stm32f10x_md.o(.text)
    I2C1_ER_IRQHandler                       0x080035cb   Thumb Code     0  startup_stm32f10x_md.o(.text)
    I2C1_EV_IRQHandler                       0x080035cb   Thumb Code     0  startup_stm32f10x_md.o(.text)
    I2C2_ER_IRQHandler                       0x080035cb   Thumb Code     0  startup_stm32f10x_md.o(.text)
    I2C2_EV_IRQHandler                       0x080035cb   Thumb Code     0  startup_stm32f10x_md.o(.text)
    PVD_IRQHandler                           0x080035cb   Thumb Code     0  startup_stm32f10x_md.o(.text)
    RCC_IRQHandler                           0x080035cb   Thumb Code     0  startup_stm32f10x_md.o(.text)
    RTCAlarm_IRQHandler                      0x080035cb   Thumb Code     0  startup_stm32f10x_md.o(.text)
    RTC_IRQHandler                           0x080035cb   Thumb Code     0  startup_stm32f10x_md.o(.text)
    SPI1_IRQHandler                          0x080035cb   Thumb Code     0  startup_stm32f10x_md.o(.text)
    SPI2_IRQHandler                          0x080035cb   Thumb Code     0  startup_stm32f10x_md.o(.text)
    TAMPER_IRQHandler                        0x080035cb   Thumb Code     0  startup_stm32f10x_md.o(.text)
    TIM1_BRK_IRQHandler                      0x080035cb   Thumb Code     0  startup_stm32f10x_md.o(.text)
    TIM1_CC_IRQHandler                       0x080035cb   Thumb Code     0  startup_stm32f10x_md.o(.text)
    TIM1_TRG_COM_IRQHandler                  0x080035cb   Thumb Code     0  startup_stm32f10x_md.o(.text)
    TIM1_UP_IRQHandler                       0x080035cb   Thumb Code     0  startup_stm32f10x_md.o(.text)
    TIM2_IRQHandler                          0x080035cb   Thumb Code     0  startup_stm32f10x_md.o(.text)
    TIM4_IRQHandler                          0x080035cb   Thumb Code     0  startup_stm32f10x_md.o(.text)
    USBWakeUp_IRQHandler                     0x080035cb   Thumb Code     0  startup_stm32f10x_md.o(.text)
    USB_HP_CAN1_TX_IRQHandler                0x080035cb   Thumb Code     0  startup_stm32f10x_md.o(.text)
    USB_LP_CAN1_RX0_IRQHandler               0x080035cb   Thumb Code     0  startup_stm32f10x_md.o(.text)
    WWDG_IRQHandler                          0x080035cb   Thumb Code     0  startup_stm32f10x_md.o(.text)
    __user_initial_stackheap                 0x080035cd   Thumb Code     0  startup_stm32f10x_md.o(.text)
    NVIC_PriorityGroupConfig                 0x080035f1   Thumb Code    10  misc.o(.text)
    NVIC_Init                                0x080035fb   Thumb Code   100  misc.o(.text)
    NVIC_SetVectorTable                      0x0800365f   Thumb Code    14  misc.o(.text)
    NVIC_SystemLPConfig                      0x0800366d   Thumb Code    34  misc.o(.text)
    SysTick_CLKSourceConfig                  0x0800368f   Thumb Code    40  misc.o(.text)
    GPIO_DeInit                              0x080036cd   Thumb Code   172  stm32f10x_gpio.o(.text)
    GPIO_AFIODeInit                          0x08003779   Thumb Code    20  stm32f10x_gpio.o(.text)
    GPIO_Init                                0x0800378d   Thumb Code   278  stm32f10x_gpio.o(.text)
    GPIO_StructInit                          0x080038a3   Thumb Code    16  stm32f10x_gpio.o(.text)
    GPIO_ReadInputDataBit                    0x080038b3   Thumb Code    18  stm32f10x_gpio.o(.text)
    GPIO_ReadInputData                       0x080038c5   Thumb Code     8  stm32f10x_gpio.o(.text)
    GPIO_ReadOutputDataBit                   0x080038cd   Thumb Code    18  stm32f10x_gpio.o(.text)
    GPIO_ReadOutputData                      0x080038df   Thumb Code     8  stm32f10x_gpio.o(.text)
    GPIO_SetBits                             0x080038e7   Thumb Code     4  stm32f10x_gpio.o(.text)
    GPIO_ResetBits                           0x080038eb   Thumb Code     4  stm32f10x_gpio.o(.text)
    GPIO_WriteBit                            0x080038ef   Thumb Code    10  stm32f10x_gpio.o(.text)
    GPIO_Write                               0x080038f9   Thumb Code     4  stm32f10x_gpio.o(.text)
    GPIO_PinLockConfig                       0x080038fd   Thumb Code    18  stm32f10x_gpio.o(.text)
    GPIO_EventOutputConfig                   0x0800390f   Thumb Code    26  stm32f10x_gpio.o(.text)
    GPIO_EventOutputCmd                      0x08003929   Thumb Code     6  stm32f10x_gpio.o(.text)
    GPIO_PinRemapConfig                      0x0800392f   Thumb Code   138  stm32f10x_gpio.o(.text)
    GPIO_EXTILineConfig                      0x080039b9   Thumb Code    66  stm32f10x_gpio.o(.text)
    GPIO_ETH_MediaInterfaceConfig            0x080039fb   Thumb Code     8  stm32f10x_gpio.o(.text)
    RCC_DeInit                               0x08003a29   Thumb Code    64  stm32f10x_rcc.o(.text)
    RCC_HSEConfig                            0x08003a69   Thumb Code    70  stm32f10x_rcc.o(.text)
    RCC_GetFlagStatus                        0x08003aaf   Thumb Code    56  stm32f10x_rcc.o(.text)
    RCC_WaitForHSEStartUp                    0x08003ae7   Thumb Code    56  stm32f10x_rcc.o(.text)
    RCC_AdjustHSICalibrationValue            0x08003b1f   Thumb Code    20  stm32f10x_rcc.o(.text)
    RCC_HSICmd                               0x08003b33   Thumb Code     6  stm32f10x_rcc.o(.text)
    RCC_PLLConfig                            0x08003b39   Thumb Code    24  stm32f10x_rcc.o(.text)
    RCC_PLLCmd                               0x08003b51   Thumb Code     6  stm32f10x_rcc.o(.text)
    RCC_SYSCLKConfig                         0x08003b57   Thumb Code    18  stm32f10x_rcc.o(.text)
    RCC_GetSYSCLKSource                      0x08003b69   Thumb Code    10  stm32f10x_rcc.o(.text)
    RCC_HCLKConfig                           0x08003b73   Thumb Code    18  stm32f10x_rcc.o(.text)
    RCC_PCLK1Config                          0x08003b85   Thumb Code    18  stm32f10x_rcc.o(.text)
    RCC_PCLK2Config                          0x08003b97   Thumb Code    20  stm32f10x_rcc.o(.text)
    RCC_ITConfig                             0x08003bab   Thumb Code    26  stm32f10x_rcc.o(.text)
    RCC_USBCLKConfig                         0x08003bc5   Thumb Code     8  stm32f10x_rcc.o(.text)
    RCC_ADCCLKConfig                         0x08003bcd   Thumb Code    18  stm32f10x_rcc.o(.text)
    RCC_LSEConfig                            0x08003bdf   Thumb Code    50  stm32f10x_rcc.o(.text)
    RCC_LSICmd                               0x08003c11   Thumb Code     6  stm32f10x_rcc.o(.text)
    RCC_RTCCLKConfig                         0x08003c17   Thumb Code    12  stm32f10x_rcc.o(.text)
    RCC_RTCCLKCmd                            0x08003c23   Thumb Code     8  stm32f10x_rcc.o(.text)
    RCC_GetClocksFreq                        0x08003c2b   Thumb Code   192  stm32f10x_rcc.o(.text)
    RCC_AHBPeriphClockCmd                    0x08003ceb   Thumb Code    26  stm32f10x_rcc.o(.text)
    RCC_APB2PeriphClockCmd                   0x08003d05   Thumb Code    26  stm32f10x_rcc.o(.text)
    RCC_APB1PeriphClockCmd                   0x08003d1f   Thumb Code    26  stm32f10x_rcc.o(.text)
    RCC_APB2PeriphResetCmd                   0x08003d39   Thumb Code    26  stm32f10x_rcc.o(.text)
    RCC_APB1PeriphResetCmd                   0x08003d53   Thumb Code    26  stm32f10x_rcc.o(.text)
    RCC_BackupResetCmd                       0x08003d6d   Thumb Code     8  stm32f10x_rcc.o(.text)
    RCC_ClockSecuritySystemCmd               0x08003d75   Thumb Code     6  stm32f10x_rcc.o(.text)
    RCC_MCOConfig                            0x08003d7b   Thumb Code     6  stm32f10x_rcc.o(.text)
    RCC_ClearFlag                            0x08003d81   Thumb Code    14  stm32f10x_rcc.o(.text)
    RCC_GetITStatus                          0x08003d8f   Thumb Code    20  stm32f10x_rcc.o(.text)
    RCC_ClearITPendingBit                    0x08003da3   Thumb Code     6  stm32f10x_rcc.o(.text)
    USART_DeInit                             0x08003dcd   Thumb Code   134  stm32f10x_usart.o(.text)
    USART_Init                               0x08003e53   Thumb Code   210  stm32f10x_usart.o(.text)
    USART_StructInit                         0x08003f25   Thumb Code    24  stm32f10x_usart.o(.text)
    USART_ClockInit                          0x08003f3d   Thumb Code    34  stm32f10x_usart.o(.text)
    USART_ClockStructInit                    0x08003f5f   Thumb Code    12  stm32f10x_usart.o(.text)
    USART_Cmd                                0x08003f6b   Thumb Code    24  stm32f10x_usart.o(.text)
    USART_ITConfig                           0x08003f83   Thumb Code    74  stm32f10x_usart.o(.text)
    USART_DMACmd                             0x08003fcd   Thumb Code    18  stm32f10x_usart.o(.text)
    USART_SetAddress                         0x08003fdf   Thumb Code    18  stm32f10x_usart.o(.text)
    USART_WakeUpConfig                       0x08003ff1   Thumb Code    18  stm32f10x_usart.o(.text)
    USART_ReceiverWakeUpCmd                  0x08004003   Thumb Code    24  stm32f10x_usart.o(.text)
    USART_LINBreakDetectLengthConfig         0x0800401b   Thumb Code    18  stm32f10x_usart.o(.text)
    USART_LINCmd                             0x0800402d   Thumb Code    24  stm32f10x_usart.o(.text)
    USART_SendData                           0x08004045   Thumb Code     8  stm32f10x_usart.o(.text)
    USART_ReceiveData                        0x0800404d   Thumb Code    10  stm32f10x_usart.o(.text)
    USART_SendBreak                          0x08004057   Thumb Code    10  stm32f10x_usart.o(.text)
    USART_SetGuardTime                       0x08004061   Thumb Code    16  stm32f10x_usart.o(.text)
    USART_SetPrescaler                       0x08004071   Thumb Code    16  stm32f10x_usart.o(.text)
    USART_SmartCardCmd                       0x08004081   Thumb Code    24  stm32f10x_usart.o(.text)
    USART_SmartCardNACKCmd                   0x08004099   Thumb Code    24  stm32f10x_usart.o(.text)
    USART_HalfDuplexCmd                      0x080040b1   Thumb Code    24  stm32f10x_usart.o(.text)
    USART_OverSampling8Cmd                   0x080040c9   Thumb Code    22  stm32f10x_usart.o(.text)
    USART_OneBitMethodCmd                    0x080040df   Thumb Code    24  stm32f10x_usart.o(.text)
    USART_IrDAConfig                         0x080040f7   Thumb Code    18  stm32f10x_usart.o(.text)
    USART_IrDACmd                            0x08004109   Thumb Code    24  stm32f10x_usart.o(.text)
    USART_GetFlagStatus                      0x08004121   Thumb Code    26  stm32f10x_usart.o(.text)
    USART_ClearFlag                          0x0800413b   Thumb Code    18  stm32f10x_usart.o(.text)
    USART_GetITStatus                        0x0800414d   Thumb Code    84  stm32f10x_usart.o(.text)
    USART_ClearITPendingBit                  0x080041a1   Thumb Code    52  stm32f10x_usart.o(.text)
    ADC_DeInit                               0x080041d5   Thumb Code    78  stm32f10x_adc.o(.text)
    ADC_Init                                 0x08004223   Thumb Code    70  stm32f10x_adc.o(.text)
    ADC_StructInit                           0x08004269   Thumb Code    18  stm32f10x_adc.o(.text)
    ADC_Cmd                                  0x0800427b   Thumb Code    22  stm32f10x_adc.o(.text)
    ADC_DMACmd                               0x08004291   Thumb Code    22  stm32f10x_adc.o(.text)
    ADC_ITConfig                             0x080042a7   Thumb Code    24  stm32f10x_adc.o(.text)
    ADC_ResetCalibration                     0x080042bf   Thumb Code    10  stm32f10x_adc.o(.text)
    ADC_GetResetCalibrationStatus            0x080042c9   Thumb Code    20  stm32f10x_adc.o(.text)
    ADC_StartCalibration                     0x080042dd   Thumb Code    10  stm32f10x_adc.o(.text)
    ADC_GetCalibrationStatus                 0x080042e7   Thumb Code    20  stm32f10x_adc.o(.text)
    ADC_SoftwareStartConvCmd                 0x080042fb   Thumb Code    22  stm32f10x_adc.o(.text)
    ADC_GetSoftwareStartConvStatus           0x08004311   Thumb Code    20  stm32f10x_adc.o(.text)
    ADC_DiscModeChannelCountConfig           0x08004325   Thumb Code    24  stm32f10x_adc.o(.text)
    ADC_DiscModeCmd                          0x0800433d   Thumb Code    22  stm32f10x_adc.o(.text)
    ADC_RegularChannelConfig                 0x08004353   Thumb Code   184  stm32f10x_adc.o(.text)
    ADC_ExternalTrigConvCmd                  0x0800440b   Thumb Code    22  stm32f10x_adc.o(.text)
    ADC_GetConversionValue                   0x08004421   Thumb Code     8  stm32f10x_adc.o(.text)
    ADC_GetDualModeConversionValue           0x08004429   Thumb Code     8  stm32f10x_adc.o(.text)
    ADC_AutoInjectedConvCmd                  0x08004431   Thumb Code    22  stm32f10x_adc.o(.text)
    ADC_InjectedDiscModeCmd                  0x08004447   Thumb Code    22  stm32f10x_adc.o(.text)
    ADC_ExternalTrigInjectedConvConfig       0x0800445d   Thumb Code    16  stm32f10x_adc.o(.text)
    ADC_ExternalTrigInjectedConvCmd          0x0800446d   Thumb Code    22  stm32f10x_adc.o(.text)
    ADC_SoftwareStartInjectedConvCmd         0x08004483   Thumb Code    22  stm32f10x_adc.o(.text)
    ADC_GetSoftwareStartInjectedConvCmdStatus 0x08004499   Thumb Code    20  stm32f10x_adc.o(.text)
    ADC_InjectedChannelConfig                0x080044ad   Thumb Code   130  stm32f10x_adc.o(.text)
    ADC_InjectedSequencerLengthConfig        0x0800452f   Thumb Code    24  stm32f10x_adc.o(.text)
    ADC_SetInjectedOffset                    0x08004547   Thumb Code    20  stm32f10x_adc.o(.text)
    ADC_GetInjectedConversionValue           0x0800455b   Thumb Code    28  stm32f10x_adc.o(.text)
    ADC_AnalogWatchdogCmd                    0x08004577   Thumb Code    16  stm32f10x_adc.o(.text)
    ADC_AnalogWatchdogThresholdsConfig       0x08004587   Thumb Code     6  stm32f10x_adc.o(.text)
    ADC_AnalogWatchdogSingleChannelConfig    0x0800458d   Thumb Code    16  stm32f10x_adc.o(.text)
    ADC_TempSensorVrefintCmd                 0x0800459d   Thumb Code    64  stm32f10x_adc.o(.text)
    ADC_GetFlagStatus                        0x080045dd   Thumb Code    18  stm32f10x_adc.o(.text)
    ADC_ClearFlag                            0x080045ef   Thumb Code     6  stm32f10x_adc.o(.text)
    ADC_GetITStatus                          0x080045f5   Thumb Code    36  stm32f10x_adc.o(.text)
    ADC_ClearITPendingBit                    0x08004619   Thumb Code    10  stm32f10x_adc.o(.text)
    DMA_DeInit                               0x08004625   Thumb Code   324  stm32f10x_dma.o(.text)
    DMA_Init                                 0x08004769   Thumb Code    60  stm32f10x_dma.o(.text)
    DMA_StructInit                           0x080047a5   Thumb Code    26  stm32f10x_dma.o(.text)
    DMA_Cmd                                  0x080047bf   Thumb Code    24  stm32f10x_dma.o(.text)
    DMA_ITConfig                             0x080047d7   Thumb Code    18  stm32f10x_dma.o(.text)
    DMA_SetCurrDataCounter                   0x080047e9   Thumb Code     4  stm32f10x_dma.o(.text)
    DMA_GetCurrDataCounter                   0x080047ed   Thumb Code     8  stm32f10x_dma.o(.text)
    DMA_GetFlagStatus                        0x080047f5   Thumb Code    40  stm32f10x_dma.o(.text)
    DMA_ClearFlag                            0x0800481d   Thumb Code    22  stm32f10x_dma.o(.text)
    DMA_GetITStatus                          0x08004833   Thumb Code    40  stm32f10x_dma.o(.text)
    DMA_ClearITPendingBit                    0x0800485b   Thumb Code    22  stm32f10x_dma.o(.text)
    FLASH_SetLatency                         0x08004879   Thumb Code    18  stm32f10x_flash.o(.text)
    FLASH_HalfCycleAccessCmd                 0x0800488b   Thumb Code    22  stm32f10x_flash.o(.text)
    FLASH_PrefetchBufferCmd                  0x080048a1   Thumb Code    22  stm32f10x_flash.o(.text)
    FLASH_Unlock                             0x080048b7   Thumb Code    12  stm32f10x_flash.o(.text)
    FLASH_UnlockBank1                        0x080048c3   Thumb Code    12  stm32f10x_flash.o(.text)
    FLASH_Lock                               0x080048cf   Thumb Code    14  stm32f10x_flash.o(.text)
    FLASH_LockBank1                          0x080048dd   Thumb Code    14  stm32f10x_flash.o(.text)
    FLASH_GetBank1Status                     0x080048eb   Thumb Code    48  stm32f10x_flash.o(.text)
    FLASH_WaitForLastOperation               0x0800491b   Thumb Code    38  stm32f10x_flash.o(.text)
    FLASH_ErasePage                          0x08004941   Thumb Code    72  stm32f10x_flash.o(.text)
    FLASH_EraseAllPages                      0x08004989   Thumb Code    68  stm32f10x_flash.o(.text)
    FLASH_WaitForLastBank1Operation          0x080049cd   Thumb Code    38  stm32f10x_flash.o(.text)
    FLASH_EraseAllBank1Pages                 0x080049f3   Thumb Code    68  stm32f10x_flash.o(.text)
    FLASH_GetReadOutProtectionStatus         0x08004a37   Thumb Code    20  stm32f10x_flash.o(.text)
    FLASH_EraseOptionBytes                   0x08004a4b   Thumb Code   150  stm32f10x_flash.o(.text)
    FLASH_ProgramWord                        0x08004ae1   Thumb Code   102  stm32f10x_flash.o(.text)
    FLASH_ProgramHalfWord                    0x08004b47   Thumb Code    60  stm32f10x_flash.o(.text)
    FLASH_ProgramOptionByteData              0x08004b83   Thumb Code    72  stm32f10x_flash.o(.text)
    FLASH_EnableWriteProtection              0x08004bcb   Thumb Code   200  stm32f10x_flash.o(.text)
    FLASH_ReadOutProtection                  0x08004c93   Thumb Code   156  stm32f10x_flash.o(.text)
    FLASH_UserOptionByteConfig               0x08004d2f   Thumb Code    88  stm32f10x_flash.o(.text)
    FLASH_GetUserOptionByte                  0x08004d87   Thumb Code     8  stm32f10x_flash.o(.text)
    FLASH_GetWriteProtectionOptionByte       0x08004d8f   Thumb Code     6  stm32f10x_flash.o(.text)
    FLASH_GetPrefetchBufferStatus            0x08004d95   Thumb Code    20  stm32f10x_flash.o(.text)
    FLASH_ITConfig                           0x08004da9   Thumb Code    26  stm32f10x_flash.o(.text)
    FLASH_GetFlagStatus                      0x08004dc3   Thumb Code    42  stm32f10x_flash.o(.text)
    FLASH_ClearFlag                          0x08004ded   Thumb Code     6  stm32f10x_flash.o(.text)
    FLASH_GetStatus                          0x08004df3   Thumb Code    48  stm32f10x_flash.o(.text)
    TIM_DeInit                               0x08004e35   Thumb Code   424  stm32f10x_tim.o(.text)
    TIM_TimeBaseInit                         0x08004fdd   Thumb Code   122  stm32f10x_tim.o(.text)
    TIM_OC1Init                              0x08005057   Thumb Code   132  stm32f10x_tim.o(.text)
    TIM_OC2Init                              0x080050db   Thumb Code   154  stm32f10x_tim.o(.text)
    TIM_OC3Init                              0x08005175   Thumb Code   150  stm32f10x_tim.o(.text)
    TIM_OC4Init                              0x0800520b   Thumb Code   182  stm32f10x_tim.o(.text)
    TIM_SetIC4Prescaler                      0x080052c1   Thumb Code    26  stm32f10x_tim.o(.text)
    TIM_SetIC3Prescaler                      0x0800535d   Thumb Code    18  stm32f10x_tim.o(.text)
    TIM_SetIC2Prescaler                      0x080053e9   Thumb Code    26  stm32f10x_tim.o(.text)
    TIM_SetIC1Prescaler                      0x08005485   Thumb Code    18  stm32f10x_tim.o(.text)
    TIM_ICInit                               0x08005503   Thumb Code   150  stm32f10x_tim.o(.text)
    TIM_PWMIConfig                           0x08005599   Thumb Code   124  stm32f10x_tim.o(.text)
    TIM_BDTRConfig                           0x08005615   Thumb Code    32  stm32f10x_tim.o(.text)
    TIM_TimeBaseStructInit                   0x08005635   Thumb Code    18  stm32f10x_tim.o(.text)
    TIM_OCStructInit                         0x08005647   Thumb Code    20  stm32f10x_tim.o(.text)
    TIM_ICStructInit                         0x0800565b   Thumb Code    18  stm32f10x_tim.o(.text)
    TIM_BDTRStructInit                       0x0800566d   Thumb Code    40  stm32f10x_tim.o(.text)
    TIM_Cmd                                  0x08005695   Thumb Code    24  stm32f10x_tim.o(.text)
    TIM_CtrlPWMOutputs                       0x080056ad   Thumb Code    30  stm32f10x_tim.o(.text)
    TIM_ITConfig                             0x080056cb   Thumb Code    18  stm32f10x_tim.o(.text)
    TIM_GenerateEvent                        0x080056dd   Thumb Code     4  stm32f10x_tim.o(.text)
    TIM_DMAConfig                            0x080056e1   Thumb Code    10  stm32f10x_tim.o(.text)
    TIM_DMACmd                               0x080056eb   Thumb Code    18  stm32f10x_tim.o(.text)
    TIM_InternalClockConfig                  0x080056fd   Thumb Code    12  stm32f10x_tim.o(.text)
    TIM_SelectInputTrigger                   0x08005709   Thumb Code    18  stm32f10x_tim.o(.text)
    TIM_ITRxExternalClockConfig              0x0800571b   Thumb Code    24  stm32f10x_tim.o(.text)
    TIM_TIxExternalClockConfig               0x08005733   Thumb Code    62  stm32f10x_tim.o(.text)
    TIM_ETRConfig                            0x08005771   Thumb Code    28  stm32f10x_tim.o(.text)
    TIM_ETRClockMode1Config                  0x0800578d   Thumb Code    54  stm32f10x_tim.o(.text)
    TIM_ETRClockMode2Config                  0x080057c3   Thumb Code    32  stm32f10x_tim.o(.text)
    TIM_PrescalerConfig                      0x080057e3   Thumb Code     6  stm32f10x_tim.o(.text)
    TIM_CounterModeConfig                    0x080057e9   Thumb Code    18  stm32f10x_tim.o(.text)
    TIM_EncoderInterfaceConfig               0x080057fb   Thumb Code    66  stm32f10x_tim.o(.text)
    TIM_ForcedOC1Config                      0x0800583d   Thumb Code    18  stm32f10x_tim.o(.text)
    TIM_ForcedOC2Config                      0x0800584f   Thumb Code    26  stm32f10x_tim.o(.text)
    TIM_ForcedOC3Config                      0x08005869   Thumb Code    18  stm32f10x_tim.o(.text)
    TIM_ForcedOC4Config                      0x0800587b   Thumb Code    26  stm32f10x_tim.o(.text)
    TIM_ARRPreloadConfig                     0x08005895   Thumb Code    24  stm32f10x_tim.o(.text)
    TIM_SelectCOM                            0x080058ad   Thumb Code    24  stm32f10x_tim.o(.text)
    TIM_SelectCCDMA                          0x080058c5   Thumb Code    24  stm32f10x_tim.o(.text)
    TIM_CCPreloadControl                     0x080058dd   Thumb Code    24  stm32f10x_tim.o(.text)
    TIM_OC1PreloadConfig                     0x080058f5   Thumb Code    18  stm32f10x_tim.o(.text)
    TIM_OC2PreloadConfig                     0x08005907   Thumb Code    26  stm32f10x_tim.o(.text)
    TIM_OC3PreloadConfig                     0x08005921   Thumb Code    18  stm32f10x_tim.o(.text)
    TIM_OC4PreloadConfig                     0x08005933   Thumb Code    26  stm32f10x_tim.o(.text)
    TIM_OC1FastConfig                        0x0800594d   Thumb Code    18  stm32f10x_tim.o(.text)
    TIM_OC2FastConfig                        0x0800595f   Thumb Code    26  stm32f10x_tim.o(.text)
    TIM_OC3FastConfig                        0x08005979   Thumb Code    18  stm32f10x_tim.o(.text)
    TIM_OC4FastConfig                        0x0800598b   Thumb Code    26  stm32f10x_tim.o(.text)
    TIM_ClearOC1Ref                          0x080059a5   Thumb Code    18  stm32f10x_tim.o(.text)
    TIM_ClearOC2Ref                          0x080059b7   Thumb Code    24  stm32f10x_tim.o(.text)
    TIM_ClearOC3Ref                          0x080059cf   Thumb Code    18  stm32f10x_tim.o(.text)
    TIM_ClearOC4Ref                          0x080059e1   Thumb Code    24  stm32f10x_tim.o(.text)
    TIM_OC1PolarityConfig                    0x080059f9   Thumb Code    18  stm32f10x_tim.o(.text)
    TIM_OC1NPolarityConfig                   0x08005a0b   Thumb Code    18  stm32f10x_tim.o(.text)
    TIM_OC2PolarityConfig                    0x08005a1d   Thumb Code    26  stm32f10x_tim.o(.text)
    TIM_OC2NPolarityConfig                   0x08005a37   Thumb Code    26  stm32f10x_tim.o(.text)
    TIM_OC3PolarityConfig                    0x08005a51   Thumb Code    26  stm32f10x_tim.o(.text)
    TIM_OC3NPolarityConfig                   0x08005a6b   Thumb Code    26  stm32f10x_tim.o(.text)
    TIM_OC4PolarityConfig                    0x08005a85   Thumb Code    26  stm32f10x_tim.o(.text)
    TIM_CCxCmd                               0x08005a9f   Thumb Code    30  stm32f10x_tim.o(.text)
    TIM_CCxNCmd                              0x08005abd   Thumb Code    30  stm32f10x_tim.o(.text)
    TIM_SelectOCxM                           0x08005adb   Thumb Code    82  stm32f10x_tim.o(.text)
    TIM_UpdateDisableConfig                  0x08005b2d   Thumb Code    24  stm32f10x_tim.o(.text)
    TIM_UpdateRequestConfig                  0x08005b45   Thumb Code    24  stm32f10x_tim.o(.text)
    TIM_SelectHallSensor                     0x08005b5d   Thumb Code    24  stm32f10x_tim.o(.text)
    TIM_SelectOnePulseMode                   0x08005b75   Thumb Code    18  stm32f10x_tim.o(.text)
    TIM_SelectOutputTrigger                  0x08005b87   Thumb Code    18  stm32f10x_tim.o(.text)
    TIM_SelectSlaveMode                      0x08005b99   Thumb Code    18  stm32f10x_tim.o(.text)
    TIM_SelectMasterSlaveMode                0x08005bab   Thumb Code    18  stm32f10x_tim.o(.text)
    TIM_SetCounter                           0x08005bbd   Thumb Code     4  stm32f10x_tim.o(.text)
    TIM_SetAutoreload                        0x08005bc1   Thumb Code     4  stm32f10x_tim.o(.text)
    TIM_SetCompare1                          0x08005bc5   Thumb Code     4  stm32f10x_tim.o(.text)
    TIM_SetCompare2                          0x08005bc9   Thumb Code     4  stm32f10x_tim.o(.text)
    TIM_SetCompare3                          0x08005bcd   Thumb Code     4  stm32f10x_tim.o(.text)
    TIM_SetCompare4                          0x08005bd1   Thumb Code     6  stm32f10x_tim.o(.text)
    TIM_SetClockDivision                     0x08005bd7   Thumb Code    18  stm32f10x_tim.o(.text)
    TIM_GetCapture1                          0x08005be9   Thumb Code     6  stm32f10x_tim.o(.text)
    TIM_GetCapture2                          0x08005bef   Thumb Code     6  stm32f10x_tim.o(.text)
    TIM_GetCapture3                          0x08005bf5   Thumb Code     6  stm32f10x_tim.o(.text)
    TIM_GetCapture4                          0x08005bfb   Thumb Code     8  stm32f10x_tim.o(.text)
    TIM_GetCounter                           0x08005c03   Thumb Code     6  stm32f10x_tim.o(.text)
    TIM_GetPrescaler                         0x08005c09   Thumb Code     6  stm32f10x_tim.o(.text)
    TIM_GetFlagStatus                        0x08005c0f   Thumb Code    18  stm32f10x_tim.o(.text)
    TIM_ClearFlag                            0x08005c21   Thumb Code     6  stm32f10x_tim.o(.text)
    TIM_GetITStatus                          0x08005c27   Thumb Code    34  stm32f10x_tim.o(.text)
    TIM_ClearITPendingBit                    0x08005c49   Thumb Code     6  stm32f10x_tim.o(.text)
    strstr                                   0x08005c4f   Thumb Code    36  strstr.o(.text)
    __aeabi_memcpy                           0x08005c73   Thumb Code     0  rt_memcpy_v6.o(.text)
    __rt_memcpy                              0x08005c73   Thumb Code   138  rt_memcpy_v6.o(.text)
    _memcpy_lastbytes                        0x08005cd9   Thumb Code     0  rt_memcpy_v6.o(.text)
    __aeabi_memclr                           0x08005cfd   Thumb Code     0  rt_memclr.o(.text)
    __rt_memclr                              0x08005cfd   Thumb Code    68  rt_memclr.o(.text)
    _memset                                  0x08005d01   Thumb Code     0  rt_memclr.o(.text)
    __aeabi_memclr4                          0x08005d41   Thumb Code     0  rt_memclr_w.o(.text)
    __aeabi_memclr8                          0x08005d41   Thumb Code     0  rt_memclr_w.o(.text)
    __rt_memclr_w                            0x08005d41   Thumb Code    78  rt_memclr_w.o(.text)
    _memset_w                                0x08005d45   Thumb Code     0  rt_memclr_w.o(.text)
    __use_two_region_memory                  0x08005d8f   Thumb Code     2  heapauxi.o(.text)
    __rt_heap_escrow$2region                 0x08005d91   Thumb Code     2  heapauxi.o(.text)
    __rt_heap_expand$2region                 0x08005d93   Thumb Code     2  heapauxi.o(.text)
    __aeabi_memcpy4                          0x08005d95   Thumb Code     0  rt_memcpy_w.o(.text)
    __aeabi_memcpy8                          0x08005d95   Thumb Code     0  rt_memcpy_w.o(.text)
    __rt_memcpy_w                            0x08005d95   Thumb Code   100  rt_memcpy_w.o(.text)
    _memcpy_lastbytes_aligned                0x08005ddd   Thumb Code     0  rt_memcpy_w.o(.text)
    __user_setup_stackheap                   0x08005df9   Thumb Code    74  sys_stackheap_outer.o(.text)
    exit                                     0x08005e43   Thumb Code    12  exit.o(.text)
    __user_libspace                          0x08005e51   Thumb Code     8  libspace.o(.text)
    __user_perproc_libspace                  0x08005e51   Thumb Code     0  libspace.o(.text)
    __user_perthread_libspace                0x08005e51   Thumb Code     0  libspace.o(.text)
    _sys_exit                                0x08005e59   Thumb Code     8  sys_exit.o(.text)
    __I$use$semihosting                      0x08005e65   Thumb Code     0  use_no_semi.o(.text)
    __use_no_semihosting_swi                 0x08005e65   Thumb Code     2  use_no_semi.o(.text)
    __semihosting_library_function           0x08005e67   Thumb Code     0  indicate_semi.o(.text)
    __aeabi_d2f                              0x08005e69   Thumb Code     0  d2f.o(x$fpl$d2f)
    _d2f                                     0x08005e69   Thumb Code    98  d2f.o(x$fpl$d2f)
    __aeabi_dmul                             0x08005ecd   Thumb Code     0  dmul.o(x$fpl$dmul)
    _dmul                                    0x08005ecd   Thumb Code   332  dmul.o(x$fpl$dmul)
    __fpl_dnaninf                            0x08006021   Thumb Code   156  dnaninf.o(x$fpl$dnaninf)
    __fpl_dretinf                            0x080060bd   Thumb Code    12  dretinf.o(x$fpl$dretinf)
    __aeabi_f2d                              0x080060c9   Thumb Code     0  f2d.o(x$fpl$f2d)
    _f2d                                     0x080060c9   Thumb Code    86  f2d.o(x$fpl$f2d)
    __aeabi_fadd                             0x08006121   Thumb Code     0  faddsub_clz.o(x$fpl$fadd)
    _fadd                                    0x08006121   Thumb Code   196  faddsub_clz.o(x$fpl$fadd)
    __fpl_fcmp_Inf                           0x080061e5   Thumb Code    24  fcmpi.o(x$fpl$fcmpinf)
    __aeabi_fdiv                             0x080061fd   Thumb Code     0  fdiv.o(x$fpl$fdiv)
    _fdiv                                    0x080061fd   Thumb Code   384  fdiv.o(x$fpl$fdiv)
    __aeabi_f2uiz                            0x08006381   Thumb Code     0  ffixu.o(x$fpl$ffixu)
    _ffixu                                   0x08006381   Thumb Code    62  ffixu.o(x$fpl$ffixu)
    __aeabi_i2f                              0x080063c1   Thumb Code     0  fflt_clz.o(x$fpl$fflt)
    _fflt                                    0x080063c1   Thumb Code    48  fflt_clz.o(x$fpl$fflt)
    __aeabi_ui2f                             0x080063f1   Thumb Code     0  fflt_clz.o(x$fpl$ffltu)
    _ffltu                                   0x080063f1   Thumb Code    38  fflt_clz.o(x$fpl$ffltu)
    __aeabi_cfcmple                          0x08006419   Thumb Code     0  fleqf.o(x$fpl$fleqf)
    _fcmple                                  0x08006419   Thumb Code   104  fleqf.o(x$fpl$fleqf)
    __fpl_fcmple_InfNaN                      0x0800646b   Thumb Code     0  fleqf.o(x$fpl$fleqf)
    __aeabi_fmul                             0x08006481   Thumb Code     0  fmul.o(x$fpl$fmul)
    _fmul                                    0x08006481   Thumb Code   258  fmul.o(x$fpl$fmul)
    __fpl_fnaninf                            0x08006583   Thumb Code   140  fnaninf.o(x$fpl$fnaninf)
    __fpl_fretinf                            0x0800660f   Thumb Code    10  fretinf.o(x$fpl$fretinf)
    __aeabi_cfrcmple                         0x08006619   Thumb Code     0  frleqf.o(x$fpl$frleqf)
    _frcmple                                 0x08006619   Thumb Code    98  frleqf.o(x$fpl$frleqf)
    __aeabi_frsub                            0x0800667b   Thumb Code     0  faddsub_clz.o(x$fpl$frsb)
    _frsb                                    0x0800667b   Thumb Code    20  faddsub_clz.o(x$fpl$frsb)
    __aeabi_fsub                             0x08006691   Thumb Code     0  faddsub_clz.o(x$fpl$fsub)
    _fsub                                    0x08006691   Thumb Code   234  faddsub_clz.o(x$fpl$fsub)
    MsgCloseTouch                            0x0800677a   Data           6  dw.o(.constdata)
    __I$use$fp                               0x0800677a   Number         0  usenofp.o(x$fpl$usenofp)
    MsgOpenTouch                             0x08006780   Data           6  dw.o(.constdata)
    ItemTempSetAddr                          0x08006786   Data           4  dw.o(.constdata)
    ItemTimeSetAddr                          0x0800678a   Data           8  dw.o(.constdata)
    MsgCloseLcd                              0x08006792   Data           7  dw.o(.constdata)
    MsgOpenLcd                               0x08006799   Data           7  dw.o(.constdata)
    MsgTimeRead                              0x080067a0   Data           6  dw.o(.constdata)
    MsgStartTimeRead                         0x080067a6   Data           7  dw.o(.constdata)
    MsgEndTimeRead                           0x080067ad   Data           7  dw.o(.constdata)
    MsgTimeSetTempRead                       0x080067b4   Data           7  dw.o(.constdata)
    MsgMainSetTempRead                       0x080067bb   Data           7  dw.o(.constdata)
    MsgOpenBeen10ms                          0x080067c2   Data           6  dw.o(.constdata)
    MsgShowMainPage                          0x080067c8   Data           7  dw.o(.constdata)
    MsgShowSetTempPageFireHigh               0x080067cf   Data           7  dw.o(.constdata)
    MsgShowSetTempPageFireLow                0x080067d6   Data           7  dw.o(.constdata)
    MsgShowSetTempPageWaterHigh              0x080067dd   Data           7  dw.o(.constdata)
    MsgShowSetTempPageWaterLow               0x080067e4   Data           7  dw.o(.constdata)
    MsgShowSetTimePageOneH                   0x080067eb   Data           7  dw.o(.constdata)
    MsgShowSetTimePageTwoH                   0x080067f2   Data           7  dw.o(.constdata)
    MsgShowSetTimePageThrH                   0x080067f9   Data           7  dw.o(.constdata)
    MsgShowSetTimePageForH                   0x08006800   Data           7  dw.o(.constdata)
    MsgShowSetTimePageOneL                   0x08006807   Data           7  dw.o(.constdata)
    MsgShowSetTimePageTwoL                   0x0800680e   Data           7  dw.o(.constdata)
    MsgShowSetTimePageThrL                   0x08006815   Data           7  dw.o(.constdata)
    MsgShowSetTimePageForL                   0x0800681c   Data           7  dw.o(.constdata)
    MsgShowHandSetPage                       0x08006823   Data           7  dw.o(.constdata)
    MsgShowWringSE                           0x0800682a   Data           7  dw.o(.constdata)
    MsgShowWringTE                           0x08006831   Data           7  dw.o(.constdata)
    MsgShowWringWA                           0x08006838   Data           7  dw.o(.constdata)
    MsgShowWringTDV                          0x0800683f   Data           7  dw.o(.constdata)
    MsgShowSRconfig                          0x08006846   Data           7  dw.o(.constdata)
    MsgShowMHconfig                          0x0800684d   Data           7  dw.o(.constdata)
    MsgShowconfig                            0x08006854   Data           7  dw.o(.constdata)
    Region$$Table$$Base                      0x0800685c   Number         0  anon$$obj.o(Region$$Table)
    Region$$Table$$Limit                     0x0800687c   Number         0  anon$$obj.o(Region$$Table)
    fireStatues                              0x20000000   Data           1  main.o(.data)
    Power                                    0x20000001   Data           1  main.o(.data)
    level                                    0x20000002   Data           1  main.o(.data)
    SaveCount                                0x20000004   Data           4  main.o(.data)
    WaterPump                                0x20000008   Data           1  main.o(.data)
    FireBurner                               0x20000009   Data           1  main.o(.data)
    HandWaterPump                            0x2000000a   Data           1  main.o(.data)
    HandFireBurner                           0x2000000b   Data           1  main.o(.data)
    TempNow                                  0x2000000c   Data           1  main.o(.data)
    TempNowHigh                              0x2000000d   Data           1  main.o(.data)
    TempSetContralHigh                       0x2000000e   Data           1  main.o(.data)
    TempSetContralLow                        0x2000000f   Data           1  main.o(.data)
    TempSetWaterHigh                         0x20000010   Data           1  main.o(.data)
    TempSetWaterLow                          0x20000011   Data           1  main.o(.data)
    TempSetMain                              0x20000012   Data           1  main.o(.data)
    TempSetUseIng                            0x20000013   Data           1  main.o(.data)
    TempSetItemSelectIndex                   0x20000014   Data           1  main.o(.data)
    TimeSetBegain                            0x20000015   Data           4  main.o(.data)
    TimeSetEnd                               0x20000019   Data           4  main.o(.data)
    TimeTepSet                               0x2000001d   Data           4  main.o(.data)
    TimeSetItemSelectIndex                   0x20000021   Data           1  main.o(.data)
    ShowItemIndex                            0x20000022   Data           1  main.o(.data)
    HandMode                                 0x20000023   Data           1  main.o(.data)
    FaFunctionSta                            0x20000024   Data           4  main.o(.data)
    PowerFlag                                0x20000028   Data           1  main.o(.data)
    RunFlag                                  0x20000029   Data           1  main.o(.data)
    ShowSetItemPageFlag                      0x2000002a   Data           1  main.o(.data)
    TimerBuf                                 0x2000002b   Data           6  main.o(.data)
    ID                                       0x20000031   Data           9  main.o(.data)
    RegisteCode                              0x2000003a   Data           4  main.o(.data)
    RegisteFlag                              0x2000003e   Data           1  main.o(.data)
    RegisterCount                            0x2000003f   Data           1  main.o(.data)
    WifiSendCount                            0x20000040   Data           1  main.o(.data)
    IPPORT                                   0x20000041   Data           6  main.o(.data)
    WifiSendFlag                             0x20000048   Data           2  main.o(.data)
    NetStatus                                0x2000004a   Data           1  main.o(.data)
    WringFlag                                0x2000004b   Data           1  main.o(.data)
    WringShowFlag                            0x2000004c   Data           1  main.o(.data)
    LowTemp                                  0x2000004d   Data           1  main.o(.data)
    TimeContral                              0x2000004e   Data           1  main.o(.data)
    TimeHourNow                              0x2000004f   Data           1  main.o(.data)
    WIFIMODELChangle                         0x20000050   Data           1  main.o(.data)
    Wifi                                     0x20000051   Data           1  main.o(.data)
    WifiCheckCount                           0x20000052   Data           1  main.o(.data)
    ControlModel                             0x20000053   Data           1  main.o(.data)
    val                                      0x20000054   Data           4  main.o(.data)
    WringPageChangeCount                     0x20000058   Data           1  main.o(.data)
    WringShowNowNum                          0x20000059   Data           1  main.o(.data)
    SystemCoreClock                          0x20000060   Data           4  system_stm32f10x.o(.data)
    AHBPrescTable                            0x20000064   Data          16  system_stm32f10x.o(.data)
    NTC_AD                                   0x20000074   Data         156  ntc.o(.data)
    kaiqixunhuanbenjishi                     0x20000110   Data           2  logic.o(.data)
    guanqixunhuanbenjishi                    0x20000112   Data           1  logic.o(.data)
    guanqixunhuanbendaojishi                 0x20000113   Data           1  logic.o(.data)
    autoroundflg                             0x20000114   Data           1  logic.o(.data)
    FP_flg                                   0x20000115   Data           1  logic.o(.data)
    openfiretimer                            0x20000118   Data           4  logic.o(.data)
    closefiredelaytimer                      0x2000011c   Data           4  logic.o(.data)
    closewaterpumptimer                      0x20000120   Data           4  logic.o(.data)
    Freeze_prooftimer                        0x20000124   Data           4  logic.o(.data)
    closefiredelayflg                        0x20000128   Data           1  logic.o(.data)
    OpenFunctionNum                          0x20000129   Data           1  logic.o(.data)
    CloseFunctionNum                         0x2000012a   Data           1  logic.o(.data)
    AutoFunctionNum                          0x2000012b   Data           1  logic.o(.data)
    AutoFunctionIndicia                      0x2000012c   Data           4  logic.o(.data)
    TempFallFlg                              0x20000130   Data           1  logic.o(.data)
    closewaterpumptimerflg                   0x20000131   Data           1  logic.o(.data)
    HandSetFa                                0x20000132   Data           1  logic.o(.data)
    BEEPFLAG                                 0x20000133   Data           1  logic.o(.data)
    FirstRun                                 0x20000134   Data           1  logic.o(.data)
    TimeContralEnable                        0x20000135   Data           1  logic.o(.data)
    FaSta                                    0x20000136   Data           1  logic.o(.data)
    OpenFaTimeCount                          0x20000137   Data           1  logic.o(.data)
    CloseFaTimeCount                         0x20000138   Data           1  logic.o(.data)
    MainrunTmp                               0x20000139   Data           1  logic.o(.data)
    wificonok                                0x2000013a   Data           1  wifi.o(.data)
    GetKey                                   0x2000013b   Data           1  wifi.o(.data)
    ClientSend                               0x2000013c   Data           5  wifi.o(.data)
    MsgTimeWrite                             0x20000141   Data          13  dw.o(.data)
    MsgSetData                               0x2000014e   Data           8  dw.o(.data)
    FireFunFlag                              0x20000156   Data           1  dw.o(.data)
    WaterFunFlag                             0x20000157   Data           1  dw.o(.data)
    Getnowtimercount                         0x20000158   Data           1  timer.o(.data)
    TimeCount                                0x20000159   Data           1  timer.o(.data)
    LcdReadTimeCount                         0x2000015c   Data           4  timer.o(.data)
    LcdOpenTouchtimer                        0x20000160   Data           4  timer.o(.data)
    LcdOpenTouchflg                          0x20000164   Data           1  timer.o(.data)
    ReadCount                                0x20000168   Data           4  timer.o(.data)
    TimeInterval                             0x2000016c   Data           1  touchscreen.o(.data)
    NowTimer                                 0x2000016d   Data           7  touchscreen.o(.data)
    GetNowTimeFlag                           0x20000174   Data           1  touchscreen.o(.data)
    WriteLcdTimeFlag                         0x20000175   Data           1  touchscreen.o(.data)
    mon_table                                0x20000176   Data          12  touchscreen.o(.data)
    OutsideFlg                               0x20000182   Data           1  touchscreen.o(.data)
    IP                                       0x20000198   Data          17  main.o(.bss)
    WifiName                                 0x200001a9   Data          32  main.o(.bss)
    WifiPass                                 0x200001c9   Data          32  main.o(.bss)
    TmpNow                                   0x200001ec   Data          16  main.o(.bss)
    AD_Value                                 0x200001fc   Data        1600  adc.o(.bss)
    wifi                                     0x2000083c   Data          15  wifi.o(.bss)
    RegisterSend                             0x2000084b   Data          17  wifi.o(.bss)
    STMFLASH_BUF                             0x2000085c   Data        1024  stmflash.o(.bss)
    UartDataRev                              0x20000c5c   Data        3108  usart1.o(.bss)
    Uart2RevBuf                              0x20001880   Data          20  touchscreen.o(.bss)
    __libspace_start                         0x20001894   Data          96  libspace.o(.bss)
    __temporary_stack_top$libspace           0x200018f4   Data           0  libspace.o(.bss)



==============================================================================

Memory Map of the image

  Image Entry point : 0x080000ed

  Load Region LR_IROM1 (Base: 0x08000000, Size: 0x00006a14, Max: 0x00010000, ABSOLUTE, COMPRESSED[0x00006970])

    Execution Region ER_IROM1 (Base: 0x08000000, Size: 0x0000687c, Max: 0x00010000, ABSOLUTE)

    Base Addr    Size         Type   Attr      Idx    E Section Name        Object

    0x08000000   0x000000ec   Data   RO          431    RESET               startup_stm32f10x_md.o
    0x080000ec   0x00000008   Code   RO          726  * !!!main             c_w.l(__main.o)
    0x080000f4   0x00000034   Code   RO          929    !!!scatter          c_w.l(__scatter.o)
    0x08000128   0x0000005a   Code   RO          927    !!dczerorl2         c_w.l(__dczerorl2.o)
    0x08000182   0x00000002   PAD
    0x08000184   0x0000001c   Code   RO          931    !!handler_zi        c_w.l(__scatter_zi.o)
    0x080001a0   0x00000002   Code   RO          798    .ARM.Collect$$libinit$$00000000  c_w.l(libinit.o)
    0x080001a2   0x00000000   Code   RO          805    .ARM.Collect$$libinit$$00000002  c_w.l(libinit2.o)
    0x080001a2   0x00000000   Code   RO          807    .ARM.Collect$$libinit$$00000004  c_w.l(libinit2.o)
    0x080001a2   0x00000000   Code   RO          810    .ARM.Collect$$libinit$$0000000A  c_w.l(libinit2.o)
    0x080001a2   0x00000000   Code   RO          812    .ARM.Collect$$libinit$$0000000C  c_w.l(libinit2.o)
    0x080001a2   0x00000000   Code   RO          814    .ARM.Collect$$libinit$$0000000E  c_w.l(libinit2.o)
    0x080001a2   0x00000000   Code   RO          817    .ARM.Collect$$libinit$$00000011  c_w.l(libinit2.o)
    0x080001a2   0x00000000   Code   RO          819    .ARM.Collect$$libinit$$00000013  c_w.l(libinit2.o)
    0x080001a2   0x00000000   Code   RO          821    .ARM.Collect$$libinit$$00000015  c_w.l(libinit2.o)
    0x080001a2   0x00000000   Code   RO          823    .ARM.Collect$$libinit$$00000017  c_w.l(libinit2.o)
    0x080001a2   0x00000000   Code   RO          825    .ARM.Collect$$libinit$$00000019  c_w.l(libinit2.o)
    0x080001a2   0x00000000   Code   RO          827    .ARM.Collect$$libinit$$0000001B  c_w.l(libinit2.o)
    0x080001a2   0x00000000   Code   RO          829    .ARM.Collect$$libinit$$0000001D  c_w.l(libinit2.o)
    0x080001a2   0x00000000   Code   RO          831    .ARM.Collect$$libinit$$0000001F  c_w.l(libinit2.o)
    0x080001a2   0x00000000   Code   RO          833    .ARM.Collect$$libinit$$00000021  c_w.l(libinit2.o)
    0x080001a2   0x00000000   Code   RO          835    .ARM.Collect$$libinit$$00000023  c_w.l(libinit2.o)
    0x080001a2   0x00000000   Code   RO          837    .ARM.Collect$$libinit$$00000025  c_w.l(libinit2.o)
    0x080001a2   0x00000000   Code   RO          841    .ARM.Collect$$libinit$$0000002C  c_w.l(libinit2.o)
    0x080001a2   0x00000000   Code   RO          843    .ARM.Collect$$libinit$$0000002E  c_w.l(libinit2.o)
    0x080001a2   0x00000000   Code   RO          845    .ARM.Collect$$libinit$$00000030  c_w.l(libinit2.o)
    0x080001a2   0x00000000   Code   RO          847    .ARM.Collect$$libinit$$00000032  c_w.l(libinit2.o)
    0x080001a2   0x00000002   Code   RO          848    .ARM.Collect$$libinit$$00000033  c_w.l(libinit2.o)
    0x080001a4   0x00000002   Code   RO          868    .ARM.Collect$$libshutdown$$00000000  c_w.l(libshutdown.o)
    0x080001a6   0x00000000   Code   RO          882    .ARM.Collect$$libshutdown$$00000003  c_w.l(libshutdown2.o)
    0x080001a6   0x00000000   Code   RO          885    .ARM.Collect$$libshutdown$$00000006  c_w.l(libshutdown2.o)
    0x080001a6   0x00000000   Code   RO          888    .ARM.Collect$$libshutdown$$00000009  c_w.l(libshutdown2.o)
    0x080001a6   0x00000000   Code   RO          890    .ARM.Collect$$libshutdown$$0000000B  c_w.l(libshutdown2.o)
    0x080001a6   0x00000000   Code   RO          893    .ARM.Collect$$libshutdown$$0000000E  c_w.l(libshutdown2.o)
    0x080001a6   0x00000002   Code   RO          894    .ARM.Collect$$libshutdown$$0000000F  c_w.l(libshutdown2.o)
    0x080001a8   0x00000000   Code   RO          760    .ARM.Collect$$rtentry$$00000000  c_w.l(__rtentry.o)
    0x080001a8   0x00000000   Code   RO          775    .ARM.Collect$$rtentry$$00000002  c_w.l(__rtentry2.o)
    0x080001a8   0x00000006   Code   RO          787    .ARM.Collect$$rtentry$$00000004  c_w.l(__rtentry4.o)
    0x080001ae   0x00000000   Code   RO          777    .ARM.Collect$$rtentry$$00000009  c_w.l(__rtentry2.o)
    0x080001ae   0x00000004   Code   RO          778    .ARM.Collect$$rtentry$$0000000A  c_w.l(__rtentry2.o)
    0x080001b2   0x00000000   Code   RO          780    .ARM.Collect$$rtentry$$0000000C  c_w.l(__rtentry2.o)
    0x080001b2   0x00000008   Code   RO          781    .ARM.Collect$$rtentry$$0000000D  c_w.l(__rtentry2.o)
    0x080001ba   0x00000002   Code   RO          802    .ARM.Collect$$rtexit$$00000000  c_w.l(rtexit.o)
    0x080001bc   0x00000000   Code   RO          850    .ARM.Collect$$rtexit$$00000002  c_w.l(rtexit2.o)
    0x080001bc   0x00000004   Code   RO          851    .ARM.Collect$$rtexit$$00000003  c_w.l(rtexit2.o)
    0x080001c0   0x00000006   Code   RO          852    .ARM.Collect$$rtexit$$00000004  c_w.l(rtexit2.o)
    0x080001c6   0x00000002   PAD
    0x080001c8   0x00000b60   Code   RO            1    .text               main.o
    0x08000d28   0x000000ac   Code   RO          153    .text               delay.o
    0x08000dd4   0x000001e0   Code   RO          193    .text               system_stm32f10x.o
    0x08000fb4   0x0000013c   Code   RO          211    .text               adc.o
    0x080010f0   0x000000e0   Code   RO          227    .text               ntc.o
    0x080011d0   0x00000d90   Code   RO          240    .text               logic.o
    0x08001f60   0x0000017c   Code   RO          259    .text               wifi.o
    0x080020dc   0x000006f4   Code   RO          283    .text               dw.o
    0x080027d0   0x000002c0   Code   RO          339    .text               timer.o
    0x08002a90   0x00000148   Code   RO          358    .text               stmflash.o
    0x08002bd8   0x00000360   Code   RO          373    .text               usart1.o
    0x08002f38   0x00000678   Code   RO          398    .text               touchscreen.o
    0x080035b0   0x00000040   Code   RO          432    .text               startup_stm32f10x_md.o
    0x080035f0   0x000000dc   Code   RO          436    .text               misc.o
    0x080036cc   0x0000035c   Code   RO          448    .text               stm32f10x_gpio.o
    0x08003a28   0x000003a4   Code   RO          460    .text               stm32f10x_rcc.o
    0x08003dcc   0x00000408   Code   RO          486    .text               stm32f10x_usart.o
    0x080041d4   0x0000044e   Code   RO          498    .text               stm32f10x_adc.o
    0x08004622   0x00000002   PAD
    0x08004624   0x00000254   Code   RO          582    .text               stm32f10x_dma.o
    0x08004878   0x000005bc   Code   RO          606    .text               stm32f10x_flash.o
    0x08004e34   0x00000e1a   Code   RO          690    .text               stm32f10x_tim.o
    0x08005c4e   0x00000024   Code   RO          716    .text               c_w.l(strstr.o)
    0x08005c72   0x0000008a   Code   RO          718    .text               c_w.l(rt_memcpy_v6.o)
    0x08005cfc   0x00000044   Code   RO          720    .text               c_w.l(rt_memclr.o)
    0x08005d40   0x0000004e   Code   RO          722    .text               c_w.l(rt_memclr_w.o)
    0x08005d8e   0x00000006   Code   RO          724    .text               c_w.l(heapauxi.o)
    0x08005d94   0x00000064   Code   RO          761    .text               c_w.l(rt_memcpy_w.o)
    0x08005df8   0x0000004a   Code   RO          789    .text               c_w.l(sys_stackheap_outer.o)
    0x08005e42   0x0000000c   Code   RO          791    .text               c_w.l(exit.o)
    0x08005e4e   0x00000002   PAD
    0x08005e50   0x00000008   Code   RO          799    .text               c_w.l(libspace.o)
    0x08005e58   0x0000000c   Code   RO          860    .text               c_w.l(sys_exit.o)
    0x08005e64   0x00000002   Code   RO          871    .text               c_w.l(use_no_semi.o)
    0x08005e66   0x00000000   Code   RO          873    .text               c_w.l(indicate_semi.o)
    0x08005e66   0x00000002   PAD
    0x08005e68   0x00000062   Code   RO          728    x$fpl$d2f           fz_ws.l(d2f.o)
    0x08005eca   0x00000002   PAD
    0x08005ecc   0x00000154   Code   RO          730    x$fpl$dmul          fz_ws.l(dmul.o)
    0x08006020   0x0000009c   Code   RO          763    x$fpl$dnaninf       fz_ws.l(dnaninf.o)
    0x080060bc   0x0000000c   Code   RO          765    x$fpl$dretinf       fz_ws.l(dretinf.o)
    0x080060c8   0x00000056   Code   RO          732    x$fpl$f2d           fz_ws.l(f2d.o)
    0x0800611e   0x00000002   PAD
    0x08006120   0x000000c4   Code   RO          734    x$fpl$fadd          fz_ws.l(faddsub_clz.o)
    0x080061e4   0x00000018   Code   RO          767    x$fpl$fcmpinf       fz_ws.l(fcmpi.o)
    0x080061fc   0x00000184   Code   RO          741    x$fpl$fdiv          fz_ws.l(fdiv.o)
    0x08006380   0x0000003e   Code   RO          744    x$fpl$ffixu         fz_ws.l(ffixu.o)
    0x080063be   0x00000002   PAD
    0x080063c0   0x00000030   Code   RO          749    x$fpl$fflt          fz_ws.l(fflt_clz.o)
    0x080063f0   0x00000026   Code   RO          748    x$fpl$ffltu         fz_ws.l(fflt_clz.o)
    0x08006416   0x00000002   PAD
    0x08006418   0x00000068   Code   RO          754    x$fpl$fleqf         fz_ws.l(fleqf.o)
    0x08006480   0x00000102   Code   RO          756    x$fpl$fmul          fz_ws.l(fmul.o)
    0x08006582   0x0000008c   Code   RO          769    x$fpl$fnaninf       fz_ws.l(fnaninf.o)
    0x0800660e   0x0000000a   Code   RO          771    x$fpl$fretinf       fz_ws.l(fretinf.o)
    0x08006618   0x00000062   Code   RO          758    x$fpl$frleqf        fz_ws.l(frleqf.o)
    0x0800667a   0x00000014   Code   RO          735    x$fpl$frsb          fz_ws.l(faddsub_clz.o)
    0x0800668e   0x00000002   PAD
    0x08006690   0x000000ea   Code   RO          736    x$fpl$fsub          fz_ws.l(faddsub_clz.o)
    0x0800677a   0x00000000   Code   RO          773    x$fpl$usenofp       fz_ws.l(usenofp.o)
    0x0800677a   0x000000e1   Data   RO          284    .constdata          dw.o
    0x0800685b   0x00000001   PAD
    0x0800685c   0x00000020   Data   RO          925    Region$$Table       anon$$obj.o


    Execution Region RW_IRAM1 (Base: 0x20000000, Size: 0x00001ef8, Max: 0x00005000, ABSOLUTE, COMPRESSED[0x000000f4])

    Base Addr    Size         Type   Attr      Idx    E Section Name        Object

    0x20000000   0x0000005a   Data   RW            3    .data               main.o
    0x2000005a   0x00000004   Data   RW          154    .data               delay.o
    0x2000005e   0x00000002   PAD
    0x20000060   0x00000014   Data   RW          194    .data               system_stm32f10x.o
    0x20000074   0x0000009c   Data   RW          228    .data               ntc.o
    0x20000110   0x0000002a   Data   RW          241    .data               logic.o
    0x2000013a   0x00000007   Data   RW          261    .data               wifi.o
    0x20000141   0x00000017   Data   RW          285    .data               dw.o
    0x20000158   0x00000014   Data   RW          340    .data               timer.o
    0x2000016c   0x00000017   Data   RW          400    .data               touchscreen.o
    0x20000183   0x00000014   Data   RW          461    .data               stm32f10x_rcc.o
    0x20000197   0x00000001   PAD
    0x20000198   0x00000064   Zero   RW            2    .bss                main.o
    0x200001fc   0x00000640   Zero   RW          212    .bss                adc.o
    0x2000083c   0x00000020   Zero   RW          260    .bss                wifi.o
    0x2000085c   0x00000400   Zero   RW          359    .bss                stmflash.o
    0x20000c5c   0x00000c24   Zero   RW          374    .bss                usart1.o
    0x20001880   0x00000014   Zero   RW          399    .bss                touchscreen.o
    0x20001894   0x00000060   Zero   RW          800    .bss                c_w.l(libspace.o)
    0x200018f4   0x00000004   PAD
    0x200018f8   0x00000200   Zero   RW          430    HEAP                startup_stm32f10x_md.o
    0x20001af8   0x00000400   Zero   RW          429    STACK               startup_stm32f10x_md.o


==============================================================================

Image component sizes


      Code (inc. data)   RO Data    RW Data    ZI Data      Debug   Object Name

       316         18          0          0       1600       1725   adc.o
         0          0          0          0          0         32   core_cm3.o
       172          8          0          4          0     213563   delay.o
      1780        166        225         23          0      11420   dw.o
      3472        294          0         42          0       7236   logic.o
      2912        308          0         90        100     286973   main.o
       220         22          0          0          0       1837   misc.o
       224         16          0        156          0       1401   ntc.o
        64         26        236          0       1536        804   startup_stm32f10x_md.o
      1102         26          0          0          0      10873   stm32f10x_adc.o
       596          8          0          0          0       4366   stm32f10x_dma.o
      1468         34          0          0          0       8070   stm32f10x_flash.o
       860         38          0          0          0       5681   stm32f10x_gpio.o
       932         36          0         20          0       8872   stm32f10x_rcc.o
      3610         88          0          0          0      22168   stm32f10x_tim.o
      1032         22          0          0          0       8408   stm32f10x_usart.o
       328         10          0          0       1024       2510   stmflash.o
       480         38          0         20          0       1791   system_stm32f10x.o
       704         76          0         20          0       1610   timer.o
      1656        126          0         23         20       2691   touchscreen.o
       864         32          0          0       3108       3507   usart1.o
       380         62          0          7         32       3084   wifi.o

    ----------------------------------------------------------------------
     23174       1454        494        408       7420     608622   Object Totals
         0          0         32          0          0          0   (incl. Generated)
         2          0          1          3          0          0   (incl. Padding)

    ----------------------------------------------------------------------

      Code (inc. data)   RO Data    RW Data    ZI Data      Debug   Library Member Name

        90          0          0          0          0          0   __dczerorl2.o
         8          0          0          0          0         68   __main.o
         0          0          0          0          0          0   __rtentry.o
        12          0          0          0          0          0   __rtentry2.o
         6          0          0          0          0          0   __rtentry4.o
        52          8          0          0          0          0   __scatter.o
        28          0          0          0          0          0   __scatter_zi.o
        12          0          0          0          0         72   exit.o
         6          0          0          0          0        152   heapauxi.o
         0          0          0          0          0          0   indicate_semi.o
         2          0          0          0          0          0   libinit.o
         2          0          0          0          0          0   libinit2.o
         2          0          0          0          0          0   libshutdown.o
         2          0          0          0          0          0   libshutdown2.o
         8          4          0          0         96         68   libspace.o
        68          0          0          0          0         68   rt_memclr.o
        78          0          0          0          0         80   rt_memclr_w.o
       138          0          0          0          0         68   rt_memcpy_v6.o
       100          0          0          0          0         80   rt_memcpy_w.o
         2          0          0          0          0          0   rtexit.o
        10          0          0          0          0          0   rtexit2.o
        36          0          0          0          0         80   strstr.o
        12          4          0          0          0         68   sys_exit.o
        74          0          0          0          0         80   sys_stackheap_outer.o
         2          0          0          0          0         68   use_no_semi.o
        98          4          0          0          0         92   d2f.o
       340         12          0          0          0        104   dmul.o
       156          4          0          0          0         92   dnaninf.o
        12          0          0          0          0         68   dretinf.o
        86          4          0          0          0         84   f2d.o
       450          8          0          0          0        236   faddsub_clz.o
        24          0          0          0          0         68   fcmpi.o
       388         76          0          0          0         96   fdiv.o
        62          4          0          0          0         84   ffixu.o
        86          0          0          0          0        136   fflt_clz.o
       104          4          0          0          0         84   fleqf.o
       258          4          0          0          0         84   fmul.o
       140          4          0          0          0         84   fnaninf.o
        10          0          0          0          0         68   fretinf.o
        98          0          0          0          0         68   frleqf.o
         0          0          0          0          0          0   usenofp.o

    ----------------------------------------------------------------------
      3080        140          0          0        100       2400   Library Totals
        18          0          0          0          4          0   (incl. Padding)

    ----------------------------------------------------------------------

      Code (inc. data)   RO Data    RW Data    ZI Data      Debug   Library Name

       750         16          0          0         96        952   c_w.l
      2312        124          0          0          0       1448   fz_ws.l

    ----------------------------------------------------------------------
      3080        140          0          0        100       2400   Library Totals

    ----------------------------------------------------------------------

==============================================================================


      Code (inc. data)   RO Data    RW Data    ZI Data      Debug   

     26254       1594        494        408       7520     607586   Grand Totals
     26254       1594        494        244       7520     607586   ELF Image Totals (compressed)
     26254       1594        494        244          0          0   ROM Totals

==============================================================================

    Total RO  Size (Code + RO Data)                26748 (  26.12kB)
    Total RW  Size (RW Data + ZI Data)              7928 (   7.74kB)
    Total ROM Size (Code + RO Data + RW Data)      26992 (  26.36kB)

==============================================================================

